#
# There is insufficient memory for the Java Runtime Environment to continue.
# Native memory allocation (malloc) failed to allocate 2393792 bytes. Error detail: Chunk::new
# Possible reasons:
#   The system is out of physical RAM or swap space
#   This process is running with CompressedOops enabled, and the Java Heap may be blocking the growth of the native heap
# Possible solutions:
#   Reduce memory load on the system
#   Increase physical memory or swap space
#   Check if swap backing store is full
#   Decrease Java heap size (-Xmx/-Xms)
#   Decrease number of Java threads
#   Decrease Java thread stack sizes (-Xss)
#   Set larger code cache with -XX:ReservedCodeCacheSize=
#   JVM is running with Unscaled Compressed Oops mode in which the Java heap is
#     placed in the first 4GB address space. The Java Heap base address is the
#     maximum limit for the native heap growth. Please use -XX:HeapBaseMinAddress
#     to set the Java Heap base and to place the Java Heap above 4GB virtual address.
# This output file may be truncated or incomplete.
#
#  Out of Memory Error (arena.cpp:168), pid=17592, tid=26972
#
# JRE version: OpenJDK Runtime Environment (21.0.10) (build 21.0.10+-14961533-b1163.108)
# Java VM: OpenJDK 64-Bit Server VM (21.0.10+-14961533-b1163.108, mixed mode, tiered, compressed oops, compressed class ptrs, g1 gc, windows-amd64)
# No core dump will be written. Minidumps are not enabled by default on client versions of Windows
#

---------------  S U M M A R Y ------------

Command Line: --add-opens=java.base/java.lang=ALL-UNNAMED --add-opens=java.base/java.lang.invoke=ALL-UNNAMED --add-opens=java.base/java.util=ALL-UNNAMED --add-opens=java.prefs/java.util.prefs=ALL-UNNAMED --add-exports=jdk.compiler/com.sun.tools.javac.api=ALL-UNNAMED --add-exports=jdk.compiler/com.sun.tools.javac.util=ALL-UNNAMED --add-opens=java.base/java.util=ALL-UNNAMED --add-opens=java.prefs/java.util.prefs=ALL-UNNAMED --add-opens=java.base/java.nio.charset=ALL-UNNAMED --add-opens=java.base/java.net=ALL-UNNAMED --add-opens=java.base/java.util.concurrent=ALL-UNNAMED --add-opens=java.base/java.util.concurrent.atomic=ALL-UNNAMED --add-opens=java.xml/javax.xml.namespace=ALL-UNNAMED --add-opens=java.base/java.time=ALL-UNNAMED -Xmx2048m -Dfile.encoding=UTF-8 -Duser.country=ID -Duser.language=en -Duser.variant -javaagent:C:\Users\Anselmus\.gradle\wrapper\dists\gradle-9.4.1-bin\arn2x92ynaizyzdaamcbpbhtj\gradle-9.4.1\lib\agents\gradle-instrumentation-agent-9.4.1.jar org.gradle.launcher.daemon.bootstrap.GradleDaemon 9.4.1

Host: AMD Ryzen 5 5600H with Radeon Graphics         , 12 cores, 19G,  Windows 11 , 64 bit Build 26100 (10.0.26100.8328)
Time: Sat Jun  6 21:33:01 2026 SE Asia Standard Time elapsed time: 3.356222 seconds (0d 0h 0m 3s)

---------------  T H R E A D  ---------------

Current thread (0x000001bbbde3d560):  JavaThread "C2 CompilerThread1" daemon [_thread_in_native, id=26972, stack(0x0000002afbd00000,0x0000002afbe00000) (1024K)]


Current CompileTask:
C2:3356 4000   !   4       java.net.URLClassLoader::findClass (47 bytes)

Stack: [0x0000002afbd00000,0x0000002afbe00000]
Native frames: (J=compiled Java code, j=interpreted, Vv=VM code, C=native code)
V  [jvm.dll+0x6d78a9]
V  [jvm.dll+0x8665b3]
V  [jvm.dll+0x868bde]
V  [jvm.dll+0x8692c3]
V  [jvm.dll+0x280ee6]
V  [jvm.dll+0xc07cd]
V  [jvm.dll+0xc0d03]
V  [jvm.dll+0x3ba0cb]
V  [jvm.dll+0x385df7]
V  [jvm.dll+0x38526a]
V  [jvm.dll+0x249bd2]
V  [jvm.dll+0x2491a1]
V  [jvm.dll+0x1c76e4]
V  [jvm.dll+0x25891e]
V  [jvm.dll+0x256e66]
V  [jvm.dll+0x3f513e]
V  [jvm.dll+0x80fd28]
V  [jvm.dll+0x6d60fd]
C  [ucrtbase.dll+0x37b0]
C  [KERNEL32.DLL+0x2e957]
C  [ntdll.dll+0x427c]


---------------  P R O C E S S  ---------------

Threads class SMR info:
_java_thread_list=0x000001bbc6aedc10, length=36, elements={
0x000001bba5eee140, 0x000001bbbdb5f9e0, 0x000001bbbdb7a450, 0x000001bbbdb7aac0,
0x000001bbbdb7b870, 0x000001bbbdb7fef0, 0x000001bbbdb80560, 0x000001bbbdb81310,
0x000001bbbdb82cc0, 0x000001bbbdb835d0, 0x000001bbc206a0d0, 0x000001bbbde3d560,
0x000001bbbde3dc30, 0x000001bbc438f440, 0x000001bbc416d7b0, 0x000001bbc4677b50,
0x000001bbc48565d0, 0x000001bbc2b93fe0, 0x000001bbc4344880, 0x000001bbc3ef44f0,
0x000001bbc4adad50, 0x000001bbc4ad9280, 0x000001bbc4ad9910, 0x000001bbc4ad6b20,
0x000001bbc4ad8bf0, 0x000001bbc4ad71b0, 0x000001bbc4ad8560, 0x000001bbc75a6fc0,
0x000001bbc75a9090, 0x000001bbc75a7650, 0x000001bbc75a8a00, 0x000001bbc75a5c10,
0x000001bbc75a62a0, 0x000001bbc75a6930, 0x000001bbc6af2380, 0x000001bbc6af3730
}

Java Threads: ( => current thread )
  0x000001bba5eee140 JavaThread "main"                              [_thread_blocked, id=16620, stack(0x0000002afab00000,0x0000002afac00000) (1024K)]
  0x000001bbbdb5f9e0 JavaThread "Common-Cleaner"             daemon [_thread_blocked, id=26964, stack(0x0000002afb300000,0x0000002afb400000) (1024K)]
  0x000001bbbdb7a450 JavaThread "Reference Handler"          daemon [_thread_blocked, id=27508, stack(0x0000002afb400000,0x0000002afb500000) (1024K)]
  0x000001bbbdb7aac0 JavaThread "Finalizer"                  daemon [_thread_blocked, id=27628, stack(0x0000002afb500000,0x0000002afb600000) (1024K)]
  0x000001bbbdb7b870 JavaThread "Signal Dispatcher"          daemon [_thread_blocked, id=27580, stack(0x0000002afb600000,0x0000002afb700000) (1024K)]
  0x000001bbbdb7fef0 JavaThread "Attach Listener"            daemon [_thread_blocked, id=27084, stack(0x0000002afb700000,0x0000002afb800000) (1024K)]
  0x000001bbbdb80560 JavaThread "Service Thread"             daemon [_thread_blocked, id=27280, stack(0x0000002afb800000,0x0000002afb900000) (1024K)]
  0x000001bbbdb81310 JavaThread "Monitor Deflation Thread"   daemon [_thread_blocked, id=27000, stack(0x0000002afb900000,0x0000002afba00000) (1024K)]
  0x000001bbbdb82cc0 JavaThread "C2 CompilerThread0"         daemon [_thread_in_native, id=27620, stack(0x0000002afba00000,0x0000002afbb00000) (1024K)]
  0x000001bbbdb835d0 JavaThread "C1 CompilerThread0"         daemon [_thread_in_native, id=27268, stack(0x0000002afbb00000,0x0000002afbc00000) (1024K)]
  0x000001bbc206a0d0 JavaThread "Notification Thread"        daemon [_thread_blocked, id=22072, stack(0x0000002afbc00000,0x0000002afbd00000) (1024K)]
=>0x000001bbbde3d560 JavaThread "C2 CompilerThread1"         daemon [_thread_in_native, id=26972, stack(0x0000002afbd00000,0x0000002afbe00000) (1024K)]
  0x000001bbbde3dc30 JavaThread "C2 CompilerThread2"         daemon [_thread_in_native, id=5612, stack(0x0000002afbe00000,0x0000002afbf00000) (1024K)]
  0x000001bbc438f440 JavaThread "Daemon health stats"               [_thread_blocked, id=27304, stack(0x0000002afc500000,0x0000002afc600000) (1024K)]
  0x000001bbc416d7b0 JavaThread "Incoming local TCP Connector on port 58798"        [_thread_in_native, id=27452, stack(0x0000002afc600000,0x0000002afc700000) (1024K)]
  0x000001bbc4677b50 JavaThread "Daemon periodic checks"            [_thread_blocked, id=26788, stack(0x0000002afc700000,0x0000002afc800000) (1024K)]
  0x000001bbc48565d0 JavaThread "Daemon"                            [_thread_blocked, id=27544, stack(0x0000002afc800000,0x0000002afc900000) (1024K)]
  0x000001bbc2b93fe0 JavaThread "Handler for socket connection from /127.0.0.1:58798 to /127.0.0.1:58799"        [_thread_in_native, id=26684, stack(0x0000002afc900000,0x0000002afca00000) (1024K)]
  0x000001bbc4344880 JavaThread "Cancel handler"                    [_thread_blocked, id=27196, stack(0x0000002afcf00000,0x0000002afd000000) (1024K)]
  0x000001bbc3ef44f0 JavaThread "Daemon worker"                     [_thread_in_vm, id=26676, stack(0x0000002afd000000,0x0000002afd100000) (1024K)]
  0x000001bbc4adad50 JavaThread "Asynchronous log dispatcher for DefaultDaemonConnection: socket connection from /127.0.0.1:58798 to /127.0.0.1:58799"        [_thread_blocked, id=26736, stack(0x0000002afd100000,0x0000002afd200000) (1024K)]
  0x000001bbc4ad9280 JavaThread "Stdin handler"                     [_thread_blocked, id=26688, stack(0x0000002afd200000,0x0000002afd300000) (1024K)]
  0x000001bbc4ad9910 JavaThread "Daemon client event forwarder"        [_thread_blocked, id=26696, stack(0x0000002afd300000,0x0000002afd400000) (1024K)]
  0x000001bbc4ad6b20 JavaThread "Cache worker for journal cache (C:\Users\Anselmus\.gradle\caches\journal-1)"        [_thread_blocked, id=26484, stack(0x0000002afd400000,0x0000002afd500000) (1024K)]
  0x000001bbc4ad8bf0 JavaThread "File lock request listener"        [_thread_in_native, id=27360, stack(0x0000002afd500000,0x0000002afd600000) (1024K)]
  0x000001bbc4ad71b0 JavaThread "Cache worker for file hash cache (C:\Users\Anselmus\.gradle\caches\9.4.1\fileHashes)"        [_thread_blocked, id=24704, stack(0x0000002afd600000,0x0000002afd700000) (1024K)]
  0x000001bbc4ad8560 JavaThread "Cache worker for file hash cache (C:\1. CODING\Semester 4 - Code\Software Engineer\.gradle\9.4.1\fileHashes)"        [_thread_blocked, id=26352, stack(0x0000002afd700000,0x0000002afd800000) (1024K)]
  0x000001bbc75a6fc0 JavaThread "Cache worker for Build Output Cleanup Cache (C:\1. CODING\Semester 4 - Code\Software Engineer\.gradle\buildOutputCleanup)"        [_thread_blocked, id=26368, stack(0x0000002afd800000,0x0000002afd900000) (1024K)]
  0x000001bbc75a9090 JavaThread "File watcher server"        daemon [_thread_in_native, id=26440, stack(0x0000002afd900000,0x0000002afda00000) (1024K)]
  0x000001bbc75a7650 JavaThread "File watcher consumer"      daemon [_thread_blocked, id=26492, stack(0x0000002afda00000,0x0000002afdb00000) (1024K)]
  0x000001bbc75a8a00 JavaThread "Cache worker for file content cache (C:\Users\Anselmus\.gradle\caches\9.4.1\fileContent)"        [_thread_blocked, id=4840, stack(0x0000002afdb00000,0x0000002afdc00000) (1024K)]
  0x000001bbc75a5c10 JavaThread "Cache worker for checksums cache (C:\1. CODING\Semester 4 - Code\Software Engineer\.gradle\9.4.1\checksums)"        [_thread_blocked, id=16988, stack(0x0000002afdc00000,0x0000002afdd00000) (1024K)]
  0x000001bbc75a62a0 JavaThread "Cache worker for cache directory md-supplier (C:\Users\Anselmus\.gradle\caches\9.4.1\md-supplier)"        [_thread_blocked, id=20540, stack(0x0000002afdd00000,0x0000002afde00000) (1024K)]
  0x000001bbc75a6930 JavaThread "Cache worker for cache directory md-rule (C:\Users\Anselmus\.gradle\caches\9.4.1\md-rule)"        [_thread_blocked, id=15676, stack(0x0000002afde00000,0x0000002afdf00000) (1024K)]
  0x000001bbc6af2380 JavaThread "jar transforms"                    [_thread_blocked, id=17124, stack(0x0000002afdf00000,0x0000002afe000000) (1024K)]
  0x000001bbc6af3730 JavaThread "jar transforms Thread 2"           [_thread_blocked, id=6620, stack(0x0000002afe000000,0x0000002afe100000) (1024K)]
Total: 36

Other Threads:
  0x000001bbbdb135e0 VMThread "VM Thread"                           [id=26924, stack(0x0000002afb200000,0x0000002afb300000) (1024K)]
  0x000001bbbdac09d0 WatcherThread "VM Periodic Task Thread"        [id=26128, stack(0x0000002afb100000,0x0000002afb200000) (1024K)]
  0x000001bba5f47d50 WorkerThread "GC Thread#0"                     [id=4352, stack(0x0000002afac00000,0x0000002afad00000) (1024K)]
  0x000001bbc2cc2b40 WorkerThread "GC Thread#1"                     [id=20456, stack(0x0000002afbf00000,0x0000002afc000000) (1024K)]
  0x000001bbc2cc2ef0 WorkerThread "GC Thread#2"                     [id=21944, stack(0x0000002afc000000,0x0000002afc100000) (1024K)]
  0x000001bbc2e5a3f0 WorkerThread "GC Thread#3"                     [id=9852, stack(0x0000002afc100000,0x0000002afc200000) (1024K)]
  0x000001bbc2924e50 WorkerThread "GC Thread#4"                     [id=14980, stack(0x0000002afc200000,0x0000002afc300000) (1024K)]
  0x000001bbc2925200 WorkerThread "GC Thread#5"                     [id=23296, stack(0x0000002afc300000,0x0000002afc400000) (1024K)]
  0x000001bbc2dae1e0 WorkerThread "GC Thread#6"                     [id=13216, stack(0x0000002afc400000,0x0000002afc500000) (1024K)]
  0x000001bbc3bb1bb0 WorkerThread "GC Thread#7"                     [id=26680, stack(0x0000002afca00000,0x0000002afcb00000) (1024K)]
  0x000001bbc3297dc0 WorkerThread "GC Thread#8"                     [id=26672, stack(0x0000002afcb00000,0x0000002afcc00000) (1024K)]
  0x000001bbc3298170 WorkerThread "GC Thread#9"                     [id=27376, stack(0x0000002afcc00000,0x0000002afcd00000) (1024K)]
  0x000001bba5f58c50 ConcurrentGCThread "G1 Main Marker"            [id=27584, stack(0x0000002afad00000,0x0000002afae00000) (1024K)]
  0x000001bba5f5a4b0 WorkerThread "G1 Conc#0"                       [id=25908, stack(0x0000002afae00000,0x0000002afaf00000) (1024K)]
  0x000001bbc43cc660 WorkerThread "G1 Conc#1"                       [id=26888, stack(0x0000002afcd00000,0x0000002afce00000) (1024K)]
  0x000001bbc43cbf00 WorkerThread "G1 Conc#2"                       [id=27372, stack(0x0000002afce00000,0x0000002afcf00000) (1024K)]
  0x000001bbbd94af70 ConcurrentGCThread "G1 Refine#0"               [id=27488, stack(0x0000002afaf00000,0x0000002afb000000) (1024K)]
  0x000001bbbd94b3b0 ConcurrentGCThread "G1 Service"                [id=26944, stack(0x0000002afb000000,0x0000002afb100000) (1024K)]
Total: 18

Threads with active compile tasks:
C2 CompilerThread0  3379 3980   !   4       java.net.URLClassLoader$1::run (81 bytes)
C2 CompilerThread1  3379 4000   !   4       java.net.URLClassLoader::findClass (47 bytes)
C2 CompilerThread2  3379 3979       4       java.net.URLClassLoader$1::run (5 bytes)
Total: 3

VM state: not at safepoint (normal execution)

VM Mutex/Monitor currently owned by a thread: None

Heap address: 0x0000000080000000, size: 2048 MB, Compressed Oops mode: 32-bit

CDS archive(s) not mapped
Compressed class space mapped at: 0x0000000100000000-0x0000000140000000, reserved size: 1073741824
Narrow klass base: 0x0000000000000000, Narrow klass shift: 3, Narrow klass range: 0x140000000

GC Precious Log:
 CardTable entry size: 512
 Card Set container configuration: InlinePtr #cards 5 size 8 Array Of Cards #cards 12 size 40 Howl #buckets 4 coarsen threshold 1843 Howl Bitmap #cards 512 size 80 coarsen threshold 460 Card regions per heap region 1 cards per card region 2048
 CPUs: 12 total, 12 available
 Memory: 20332M
 Large Page Support: Disabled
 NUMA Support: Disabled
 Compressed Oops: Enabled (32-bit)
 Heap Region Size: 1M
 Heap Min Capacity: 8M
 Heap Initial Capacity: 318M
 Heap Max Capacity: 2G
 Pre-touch: Disabled
 Parallel Workers: 10
 Concurrent Workers: 3
 Concurrent Refinement Workers: 10
 Periodic GC: Disabled

Heap:
 garbage-first heap   total 82944K, used 34295K [0x0000000080000000, 0x0000000100000000)
  region size 1024K, 10 young (10240K), 6 survivors (6144K)
 Metaspace       used 48328K, committed 49600K, reserved 1114112K
  class space    used 6669K, committed 7296K, reserved 1048576K

Heap Regions: E=young(eden), S=young(survivor), O=old, HS=humongous(starts), HC=humongous(continues), CS=collection set, F=free, TAMS=top-at-mark-start, PB=parsable bottom
|   0|0x0000000080000000, 0x0000000080100000, 0x0000000080100000|100%|HS|  |TAMS 0x0000000080000000| PB 0x0000000080000000| Complete 
|   1|0x0000000080100000, 0x0000000080200000, 0x0000000080200000|100%|HC|  |TAMS 0x0000000080100000| PB 0x0000000080100000| Complete 
|   2|0x0000000080200000, 0x0000000080300000, 0x0000000080300000|100%|HC|  |TAMS 0x0000000080200000| PB 0x0000000080200000| Complete 
|   3|0x0000000080300000, 0x0000000080400000, 0x0000000080400000|100%|HC|  |TAMS 0x0000000080300000| PB 0x0000000080300000| Complete 
|   4|0x0000000080400000, 0x0000000080500000, 0x0000000080500000|100%| O|  |TAMS 0x0000000080400000| PB 0x0000000080400000| Untracked 
|   5|0x0000000080500000, 0x0000000080600000, 0x0000000080600000|100%| O|  |TAMS 0x0000000080500000| PB 0x0000000080500000| Untracked 
|   6|0x0000000080600000, 0x0000000080700000, 0x0000000080700000|100%| O|  |TAMS 0x0000000080600000| PB 0x0000000080600000| Untracked 
|   7|0x0000000080700000, 0x0000000080800000, 0x0000000080800000|100%| O|  |TAMS 0x0000000080700000| PB 0x0000000080700000| Untracked 
|   8|0x0000000080800000, 0x0000000080900000, 0x0000000080900000|100%| O|  |TAMS 0x0000000080800000| PB 0x0000000080800000| Untracked 
|   9|0x0000000080900000, 0x0000000080a00000, 0x0000000080a00000|100%| O|  |TAMS 0x0000000080900000| PB 0x0000000080900000| Untracked 
|  10|0x0000000080a00000, 0x0000000080b00000, 0x0000000080b00000|100%| O|  |TAMS 0x0000000080a00000| PB 0x0000000080a00000| Untracked 
|  11|0x0000000080b00000, 0x0000000080c00000, 0x0000000080c00000|100%|HS|  |TAMS 0x0000000080b00000| PB 0x0000000080b00000| Complete 
|  12|0x0000000080c00000, 0x0000000080d00000, 0x0000000080d00000|100%| O|  |TAMS 0x0000000080c00000| PB 0x0000000080c00000| Untracked 
|  13|0x0000000080d00000, 0x0000000080e00000, 0x0000000080e00000|100%| O|  |TAMS 0x0000000080d00000| PB 0x0000000080d00000| Untracked 
|  14|0x0000000080e00000, 0x0000000080f00000, 0x0000000080f00000|100%| O|  |TAMS 0x0000000080e00000| PB 0x0000000080e00000| Untracked 
|  15|0x0000000080f00000, 0x0000000081000000, 0x0000000081000000|100%| O|  |TAMS 0x0000000080f00000| PB 0x0000000080f00000| Untracked 
|  16|0x0000000081000000, 0x0000000081100000, 0x0000000081100000|100%| O|  |TAMS 0x0000000081000000| PB 0x0000000081000000| Untracked 
|  17|0x0000000081100000, 0x0000000081200000, 0x0000000081200000|100%| O|  |TAMS 0x0000000081100000| PB 0x0000000081100000| Untracked 
|  18|0x0000000081200000, 0x0000000081300000, 0x0000000081300000|100%| O|  |TAMS 0x0000000081200000| PB 0x0000000081200000| Untracked 
|  19|0x0000000081300000, 0x0000000081400000, 0x0000000081400000|100%| O|  |TAMS 0x0000000081300000| PB 0x0000000081300000| Untracked 
|  20|0x0000000081400000, 0x0000000081500000, 0x0000000081500000|100%| O|  |TAMS 0x0000000081400000| PB 0x0000000081400000| Untracked 
|  21|0x0000000081500000, 0x0000000081600000, 0x0000000081600000|100%| O|  |TAMS 0x0000000081500000| PB 0x0000000081500000| Untracked 
|  22|0x0000000081600000, 0x0000000081600000, 0x0000000081700000|  0%| F|  |TAMS 0x0000000081600000| PB 0x0000000081600000| Untracked 
|  23|0x0000000081700000, 0x0000000081800000, 0x0000000081800000|100%| O|  |TAMS 0x0000000081700000| PB 0x0000000081700000| Untracked 
|  24|0x0000000081800000, 0x0000000081900000, 0x0000000081900000|100%| O|  |TAMS 0x0000000081800000| PB 0x0000000081800000| Untracked 
|  25|0x0000000081900000, 0x000000008197ddb0, 0x0000000081a00000| 49%| O|  |TAMS 0x0000000081900000| PB 0x0000000081900000| Untracked 
|  26|0x0000000081a00000, 0x0000000081a00000, 0x0000000081b00000|  0%| F|  |TAMS 0x0000000081a00000| PB 0x0000000081a00000| Untracked 
|  27|0x0000000081b00000, 0x0000000081b00000, 0x0000000081c00000|  0%| F|  |TAMS 0x0000000081b00000| PB 0x0000000081b00000| Untracked 
|  28|0x0000000081c00000, 0x0000000081c00000, 0x0000000081d00000|  0%| F|  |TAMS 0x0000000081c00000| PB 0x0000000081c00000| Untracked 
|  29|0x0000000081d00000, 0x0000000081d00000, 0x0000000081e00000|  0%| F|  |TAMS 0x0000000081d00000| PB 0x0000000081d00000| Untracked 
|  30|0x0000000081e00000, 0x0000000081f00000, 0x0000000081f00000|100%| S|CS|TAMS 0x0000000081e00000| PB 0x0000000081e00000| Complete 
|  31|0x0000000081f00000, 0x0000000082000000, 0x0000000082000000|100%| S|CS|TAMS 0x0000000081f00000| PB 0x0000000081f00000| Complete 
|  32|0x0000000082000000, 0x0000000082100000, 0x0000000082100000|100%| S|CS|TAMS 0x0000000082000000| PB 0x0000000082000000| Complete 
|  33|0x0000000082100000, 0x0000000082100000, 0x0000000082200000|  0%| F|  |TAMS 0x0000000082100000| PB 0x0000000082100000| Untracked 
|  34|0x0000000082200000, 0x0000000082200000, 0x0000000082300000|  0%| F|  |TAMS 0x0000000082200000| PB 0x0000000082200000| Untracked 
|  35|0x0000000082300000, 0x0000000082300000, 0x0000000082400000|  0%| F|  |TAMS 0x0000000082300000| PB 0x0000000082300000| Untracked 
|  36|0x0000000082400000, 0x0000000082400000, 0x0000000082500000|  0%| F|  |TAMS 0x0000000082400000| PB 0x0000000082400000| Untracked 
|  37|0x0000000082500000, 0x0000000082500000, 0x0000000082600000|  0%| F|  |TAMS 0x0000000082500000| PB 0x0000000082500000| Untracked 
|  38|0x0000000082600000, 0x0000000082700000, 0x0000000082700000|100%| S|CS|TAMS 0x0000000082600000| PB 0x0000000082600000| Complete 
|  39|0x0000000082700000, 0x0000000082800000, 0x0000000082800000|100%| S|CS|TAMS 0x0000000082700000| PB 0x0000000082700000| Complete 
|  40|0x0000000082800000, 0x0000000082900000, 0x0000000082900000|100%| S|CS|TAMS 0x0000000082800000| PB 0x0000000082800000| Complete 
|  41|0x0000000082900000, 0x0000000082900000, 0x0000000082a00000|  0%| F|  |TAMS 0x0000000082900000| PB 0x0000000082900000| Untracked 
|  42|0x0000000082a00000, 0x0000000082a00000, 0x0000000082b00000|  0%| F|  |TAMS 0x0000000082a00000| PB 0x0000000082a00000| Untracked 
|  43|0x0000000082b00000, 0x0000000082b00000, 0x0000000082c00000|  0%| F|  |TAMS 0x0000000082b00000| PB 0x0000000082b00000| Untracked 
|  44|0x0000000082c00000, 0x0000000082c00000, 0x0000000082d00000|  0%| F|  |TAMS 0x0000000082c00000| PB 0x0000000082c00000| Untracked 
|  45|0x0000000082d00000, 0x0000000082d00000, 0x0000000082e00000|  0%| F|  |TAMS 0x0000000082d00000| PB 0x0000000082d00000| Untracked 
|  46|0x0000000082e00000, 0x0000000082e00000, 0x0000000082f00000|  0%| F|  |TAMS 0x0000000082e00000| PB 0x0000000082e00000| Untracked 
|  47|0x0000000082f00000, 0x0000000082f00000, 0x0000000083000000|  0%| F|  |TAMS 0x0000000082f00000| PB 0x0000000082f00000| Untracked 
|  48|0x0000000083000000, 0x0000000083000000, 0x0000000083100000|  0%| F|  |TAMS 0x0000000083000000| PB 0x0000000083000000| Untracked 
|  49|0x0000000083100000, 0x0000000083100000, 0x0000000083200000|  0%| F|  |TAMS 0x0000000083100000| PB 0x0000000083100000| Untracked 
|  50|0x0000000083200000, 0x0000000083200000, 0x0000000083300000|  0%| F|  |TAMS 0x0000000083200000| PB 0x0000000083200000| Untracked 
|  51|0x0000000083300000, 0x0000000083300000, 0x0000000083400000|  0%| F|  |TAMS 0x0000000083300000| PB 0x0000000083300000| Untracked 
|  52|0x0000000083400000, 0x0000000083400000, 0x0000000083500000|  0%| F|  |TAMS 0x0000000083400000| PB 0x0000000083400000| Untracked 
|  53|0x0000000083500000, 0x0000000083500000, 0x0000000083600000|  0%| F|  |TAMS 0x0000000083500000| PB 0x0000000083500000| Untracked 
|  54|0x0000000083600000, 0x0000000083600000, 0x0000000083700000|  0%| F|  |TAMS 0x0000000083600000| PB 0x0000000083600000| Untracked 
|  55|0x0000000083700000, 0x0000000083700000, 0x0000000083800000|  0%| F|  |TAMS 0x0000000083700000| PB 0x0000000083700000| Untracked 
|  56|0x0000000083800000, 0x0000000083800000, 0x0000000083900000|  0%| F|  |TAMS 0x0000000083800000| PB 0x0000000083800000| Untracked 
|  57|0x0000000083900000, 0x0000000083900000, 0x0000000083a00000|  0%| F|  |TAMS 0x0000000083900000| PB 0x0000000083900000| Untracked 
|  58|0x0000000083a00000, 0x0000000083a00000, 0x0000000083b00000|  0%| F|  |TAMS 0x0000000083a00000| PB 0x0000000083a00000| Untracked 
|  59|0x0000000083b00000, 0x0000000083b00000, 0x0000000083c00000|  0%| F|  |TAMS 0x0000000083b00000| PB 0x0000000083b00000| Untracked 
|  60|0x0000000083c00000, 0x0000000083c00000, 0x0000000083d00000|  0%| F|  |TAMS 0x0000000083c00000| PB 0x0000000083c00000| Untracked 
|  61|0x0000000083d00000, 0x0000000083d00000, 0x0000000083e00000|  0%| F|  |TAMS 0x0000000083d00000| PB 0x0000000083d00000| Untracked 
|  62|0x0000000083e00000, 0x0000000083e00000, 0x0000000083f00000|  0%| F|  |TAMS 0x0000000083e00000| PB 0x0000000083e00000| Untracked 
|  63|0x0000000083f00000, 0x0000000083f00000, 0x0000000084000000|  0%| F|  |TAMS 0x0000000083f00000| PB 0x0000000083f00000| Untracked 
|  64|0x0000000084000000, 0x0000000084000000, 0x0000000084100000|  0%| F|  |TAMS 0x0000000084000000| PB 0x0000000084000000| Untracked 
|  65|0x0000000084100000, 0x0000000084100000, 0x0000000084200000|  0%| F|  |TAMS 0x0000000084100000| PB 0x0000000084100000| Untracked 
|  66|0x0000000084200000, 0x0000000084200000, 0x0000000084300000|  0%| F|  |TAMS 0x0000000084200000| PB 0x0000000084200000| Untracked 
|  67|0x0000000084300000, 0x0000000084300000, 0x0000000084400000|  0%| F|  |TAMS 0x0000000084300000| PB 0x0000000084300000| Untracked 
|  68|0x0000000084400000, 0x0000000084400000, 0x0000000084500000|  0%| F|  |TAMS 0x0000000084400000| PB 0x0000000084400000| Untracked 
|  69|0x0000000084500000, 0x0000000084500000, 0x0000000084600000|  0%| F|  |TAMS 0x0000000084500000| PB 0x0000000084500000| Untracked 
|  70|0x0000000084600000, 0x0000000084600000, 0x0000000084700000|  0%| F|  |TAMS 0x0000000084600000| PB 0x0000000084600000| Untracked 
| 255|0x000000008ff00000, 0x000000008ff00000, 0x0000000090000000|  0%| F|  |TAMS 0x000000008ff00000| PB 0x000000008ff00000| Untracked 
| 256|0x0000000090000000, 0x0000000090000000, 0x0000000090100000|  0%| F|  |TAMS 0x0000000090000000| PB 0x0000000090000000| Untracked 
| 257|0x0000000090100000, 0x0000000090100000, 0x0000000090200000|  0%| F|  |TAMS 0x0000000090100000| PB 0x0000000090100000| Untracked 
| 258|0x0000000090200000, 0x0000000090200000, 0x0000000090300000|  0%| F|  |TAMS 0x0000000090200000| PB 0x0000000090200000| Untracked 
| 259|0x0000000090300000, 0x0000000090300000, 0x0000000090400000|  0%| F|  |TAMS 0x0000000090300000| PB 0x0000000090300000| Untracked 
| 260|0x0000000090400000, 0x0000000090400000, 0x0000000090500000|  0%| F|  |TAMS 0x0000000090400000| PB 0x0000000090400000| Untracked 
| 261|0x0000000090500000, 0x0000000090600000, 0x0000000090600000|100%| E|  |TAMS 0x0000000090500000| PB 0x0000000090500000| Complete 
| 262|0x0000000090600000, 0x0000000090700000, 0x0000000090700000|100%| E|CS|TAMS 0x0000000090600000| PB 0x0000000090600000| Complete 
| 263|0x0000000090700000, 0x0000000090800000, 0x0000000090800000|100%| E|CS|TAMS 0x0000000090700000| PB 0x0000000090700000| Complete 
| 317|0x0000000093d00000, 0x0000000093e00000, 0x0000000093e00000|100%| E|CS|TAMS 0x0000000093d00000| PB 0x0000000093d00000| Complete 

Card table byte_map: [0x000001bbb89a0000,0x000001bbb8da0000] _byte_map_base: 0x000001bbb85a0000

Marking Bits: (CMBitMap*) 0x000001bba5f48370
 Bits: [0x000001bbb8da0000, 0x000001bbbada0000)

Polling page: 0x000001bba3ce0000

Metaspace:

Usage:
  Non-class:     40.69 MB used.
      Class:      6.52 MB used.
       Both:     47.21 MB used.

Virtual space:
  Non-class space:       64.00 MB reserved,      41.31 MB ( 65%) committed,  1 nodes.
      Class space:        1.00 GB reserved,       7.12 MB ( <1%) committed,  1 nodes.
             Both:        1.06 GB reserved,      48.44 MB (  4%) committed. 

Chunk freelists:
   Non-Class:  6.25 MB
       Class:  8.84 MB
        Both:  15.09 MB

MaxMetaspaceSize: unlimited
CompressedClassSpaceSize: 1.00 GB
Initial GC threshold: 21.00 MB
Current GC threshold: 59.19 MB
CDS: off
 - commit_granule_bytes: 65536.
 - commit_granule_words: 8192.
 - virtual_space_node_default_size: 8388608.
 - enlarge_chunks_in_place: 1.
 - use_allocation_guard: 0.


Internal statistics:

num_allocs_failed_limit: 9.
num_arena_births: 2376.
num_arena_deaths: 0.
num_vsnodes_births: 2.
num_vsnodes_deaths: 0.
num_space_committed: 775.
num_space_uncommitted: 0.
num_chunks_returned_to_freelist: 9.
num_chunks_taken_from_freelist: 4229.
num_chunk_merges: 9.
num_chunk_splits: 2741.
num_chunks_enlarged: 1659.
num_inconsistent_stats: 0.

CodeHeap 'non-profiled nmethods': size=120000Kb used=2305Kb max_used=2305Kb free=117694Kb
 bounds [0x000001bbb0b20000, 0x000001bbb0d90000, 0x000001bbb8050000]
CodeHeap 'profiled nmethods': size=120000Kb used=7288Kb max_used=7288Kb free=112711Kb
 bounds [0x000001bba9050000, 0x000001bba9770000, 0x000001bbb0580000]
CodeHeap 'non-nmethods': size=5760Kb used=1798Kb max_used=1798Kb free=3961Kb
 bounds [0x000001bbb0580000, 0x000001bbb07f0000, 0x000001bbb0b20000]
CodeCache: size=245760Kb, used=11391Kb, max_used=11391Kb, free=234366Kb
 total_blobs=4510, nmethods=3818, adapters=595, full_count=0
Compilation: enabled, stopped_count=0, restarted_count=0

Compilation events (20 events):
Event: 3.268 Thread 0x000001bbbdb835d0 4178       2       java.util.StringJoiner::<init> (63 bytes)
Event: 3.269 Thread 0x000001bbbdb835d0 nmethod 4178 0x000001bba9751810 code [0x000001bba9751a40, 0x000001bba9751f70]
Event: 3.269 Thread 0x000001bbbdb835d0 4179       2       java.util.StringJoiner::toString (53 bytes)
Event: 3.269 Thread 0x000001bbbdb835d0 nmethod 4179 0x000001bba9752190 code [0x000001bba9752340, 0x000001bba97524d8]
Event: 3.269 Thread 0x000001bbbdb835d0 4180       2       java.lang.System$2::join (11 bytes)
Event: 3.269 Thread 0x000001bbbdb835d0 nmethod 4180 0x000001bba9752590 code [0x000001bba97527e0, 0x000001bba9753028]
Event: 3.269 Thread 0x000001bbbdb835d0 4181       1       java.lang.reflect.Modifier::methodModifiers (4 bytes)
Event: 3.269 Thread 0x000001bbbdb835d0 nmethod 4181 0x000001bbb0d5cf10 code [0x000001bbb0d5d0a0, 0x000001bbb0d5d148]
Event: 3.269 Thread 0x000001bbbdb835d0 4182       1       java.beans.FeatureDescriptor::setName (6 bytes)
Event: 3.269 Thread 0x000001bbbdb835d0 nmethod 4182 0x000001bbb0d5d210 code [0x000001bbb0d5d3a0, 0x000001bbb0d5d4b0]
Event: 3.269 Thread 0x000001bbbdb835d0 4184       2       java.beans.FeatureDescriptor::getClass0 (22 bytes)
Event: 3.269 Thread 0x000001bbbdb835d0 nmethod 4184 0x000001bba9753790 code [0x000001bba9753940, 0x000001bba9753ae8]
Event: 3.269 Thread 0x000001bbbdb835d0 4183       1       java.util.TreeMap$Entry::getKey (5 bytes)
Event: 3.269 Thread 0x000001bbbdb835d0 nmethod 4183 0x000001bbb0d5d510 code [0x000001bbb0d5d6a0, 0x000001bbb0d5d768]
Event: 3.270 Thread 0x000001bbbdb835d0 4185       1       java.lang.reflect.Field::getDeclaringClass (5 bytes)
Event: 3.271 Thread 0x000001bbbdb835d0 nmethod 4185 0x000001bbb0d5d810 code [0x000001bbb0d5d9a0, 0x000001bbb0d5da68]
Event: 3.272 Thread 0x000001bbbdb835d0 4186       2       java.beans.MethodRef::get (91 bytes)
Event: 3.273 Thread 0x000001bbbdb835d0 nmethod 4186 0x000001bba9753b90 code [0x000001bba9753d80, 0x000001bba9754258]
Event: 3.273 Thread 0x000001bbbdb835d0 4187       2       org.codehaus.groovy.reflection.CachedMethod::getReturnType (8 bytes)
Event: 3.273 Thread 0x000001bbbdb835d0 nmethod 4187 0x000001bba9754490 code [0x000001bba9754620, 0x000001bba9754730]

GC Heap History (16 events):
Event: 0.518 GC heap before
{Heap before GC invocations=0 (full 0):
 garbage-first heap   total 325632K, used 27648K [0x0000000080000000, 0x0000000100000000)
  region size 1024K, 23 young (23552K), 0 survivors (0K)
 Metaspace       used 9904K, committed 10048K, reserved 1114112K
  class space    used 982K, committed 1024K, reserved 1048576K
}
Event: 0.520 GC heap after
{Heap after GC invocations=1 (full 0):
 garbage-first heap   total 325632K, used 10525K [0x0000000080000000, 0x0000000100000000)
  region size 1024K, 3 young (3072K), 3 survivors (3072K)
 Metaspace       used 9904K, committed 10048K, reserved 1114112K
  class space    used 982K, committed 1024K, reserved 1048576K
}
Event: 0.842 GC heap before
{Heap before GC invocations=1 (full 0):
 garbage-first heap   total 325632K, used 38173K [0x0000000080000000, 0x0000000100000000)
  region size 1024K, 30 young (30720K), 3 survivors (3072K)
 Metaspace       used 12820K, committed 12992K, reserved 1114112K
  class space    used 1412K, committed 1472K, reserved 1048576K
}
Event: 0.844 GC heap after
{Heap after GC invocations=2 (full 0):
 garbage-first heap   total 325632K, used 12233K [0x0000000080000000, 0x0000000100000000)
  region size 1024K, 2 young (2048K), 2 survivors (2048K)
 Metaspace       used 12820K, committed 12992K, reserved 1114112K
  class space    used 1412K, committed 1472K, reserved 1048576K
}
Event: 1.446 GC heap before
{Heap before GC invocations=2 (full 0):
 garbage-first heap   total 325632K, used 65481K [0x0000000080000000, 0x0000000100000000)
  region size 1024K, 54 young (55296K), 2 survivors (2048K)
 Metaspace       used 21170K, committed 21504K, reserved 1114112K
  class space    used 2478K, committed 2688K, reserved 1048576K
}
Event: 1.449 GC heap after
{Heap after GC invocations=3 (full 0):
 garbage-first heap   total 325632K, used 20473K [0x0000000080000000, 0x0000000100000000)
  region size 1024K, 9 young (9216K), 9 survivors (9216K)
 Metaspace       used 21170K, committed 21504K, reserved 1114112K
  class space    used 2478K, committed 2688K, reserved 1048576K
}
Event: 2.062 GC heap before
{Heap before GC invocations=4 (full 0):
 garbage-first heap   total 71680K, used 70649K [0x0000000080000000, 0x0000000100000000)
  region size 1024K, 58 young (59392K), 9 survivors (9216K)
 Metaspace       used 29282K, committed 29824K, reserved 1114112K
  class space    used 3764K, committed 4032K, reserved 1048576K
}
Event: 2.067 GC heap after
{Heap after GC invocations=5 (full 0):
 garbage-first heap   total 82944K, used 22998K [0x0000000080000000, 0x0000000100000000)
  region size 1024K, 11 young (11264K), 11 survivors (11264K)
 Metaspace       used 29282K, committed 29824K, reserved 1114112K
  class space    used 3764K, committed 4032K, reserved 1048576K
}
Event: 2.436 GC heap before
{Heap before GC invocations=5 (full 0):
 garbage-first heap   total 82944K, used 60886K [0x0000000080000000, 0x0000000100000000)
  region size 1024K, 48 young (49152K), 11 survivors (11264K)
 Metaspace       used 35266K, committed 35968K, reserved 1114112K
  class space    used 4629K, committed 4992K, reserved 1048576K
}
Event: 2.441 GC heap after
{Heap after GC invocations=6 (full 0):
 garbage-first heap   total 82944K, used 25289K [0x0000000080000000, 0x0000000100000000)
  region size 1024K, 6 young (6144K), 6 survivors (6144K)
 Metaspace       used 35266K, committed 35968K, reserved 1114112K
  class space    used 4629K, committed 4992K, reserved 1048576K
}
Event: 2.465 GC heap before
{Heap before GC invocations=6 (full 0):
 garbage-first heap   total 82944K, used 27337K [0x0000000080000000, 0x0000000100000000)
  region size 1024K, 9 young (9216K), 6 survivors (6144K)
 Metaspace       used 35570K, committed 36288K, reserved 1114112K
  class space    used 4673K, committed 5056K, reserved 1048576K
}
Event: 2.468 GC heap after
{Heap after GC invocations=7 (full 0):
 garbage-first heap   total 82944K, used 25884K [0x0000000080000000, 0x0000000100000000)
  region size 1024K, 3 young (3072K), 3 survivors (3072K)
 Metaspace       used 35570K, committed 36288K, reserved 1114112K
  class space    used 4673K, committed 5056K, reserved 1048576K
}
Event: 2.847 GC heap before
{Heap before GC invocations=8 (full 0):
 garbage-first heap   total 82944K, used 65820K [0x0000000080000000, 0x0000000100000000)
  region size 1024K, 43 young (44032K), 3 survivors (3072K)
 Metaspace       used 41295K, committed 42240K, reserved 1114112K
  class space    used 5673K, committed 6144K, reserved 1048576K
}
Event: 2.850 GC heap after
{Heap after GC invocations=9 (full 0):
 garbage-first heap   total 82944K, used 28069K [0x0000000080000000, 0x0000000100000000)
  region size 1024K, 5 young (5120K), 5 survivors (5120K)
 Metaspace       used 41295K, committed 42240K, reserved 1114112K
  class space    used 5673K, committed 6144K, reserved 1048576K
}
Event: 3.255 GC heap before
{Heap before GC invocations=9 (full 0):
 garbage-first heap   total 82944K, used 68005K [0x0000000080000000, 0x0000000100000000)
  region size 1024K, 45 young (46080K), 5 survivors (5120K)
 Metaspace       used 47910K, committed 49152K, reserved 1114112K
  class space    used 6606K, committed 7168K, reserved 1048576K
}
Event: 3.259 GC heap after
{Heap after GC invocations=10 (full 0):
 garbage-first heap   total 82944K, used 31223K [0x0000000080000000, 0x0000000100000000)
  region size 1024K, 6 young (6144K), 6 survivors (6144K)
 Metaspace       used 47910K, committed 49152K, reserved 1114112K
  class space    used 6606K, committed 7168K, reserved 1048576K
}

Dll operation events (3 events):
Event: 0.026 Loaded shared library C:\Program Files\Android\Android Studio\jbr\bin\java.dll
Event: 0.030 Loaded shared library C:\Program Files\Android\Android Studio\jbr\bin\zip.dll
Event: 0.491 Loaded shared library C:\Program Files\Android\Android Studio\jbr\bin\verify.dll

Deoptimization events (20 events):
Event: 3.206 Thread 0x000001bbc3ef44f0 Uncommon trap: trap_request=0xffffff45 fr.pc=0x000001bbb0bc0178 relative=0x0000000000000538
Event: 3.206 Thread 0x000001bbc3ef44f0 Uncommon trap: reason=unstable_if action=reinterpret pc=0x000001bbb0bc0178 method=java.util.Properties$LineReader.readLine()I @ 95 c2
Event: 3.206 Thread 0x000001bbc3ef44f0 DEOPT PACKING pc=0x000001bbb0bc0178 sp=0x0000002afd0f7fc0
Event: 3.206 Thread 0x000001bbc3ef44f0 DEOPT UNPACKING pc=0x000001bbb05d43a2 sp=0x0000002afd0f7f60 mode 2
Event: 3.207 Thread 0x000001bbc3ef44f0 Uncommon trap: trap_request=0xffffffde fr.pc=0x000001bbb0c79464 relative=0x0000000000000824
Event: 3.207 Thread 0x000001bbc3ef44f0 Uncommon trap: reason=class_check action=maybe_recompile pc=0x000001bbb0c79464 method=java.util.regex.Pattern$BmpCharProperty.match(Ljava/util/regex/Matcher;ILjava/lang/CharSequence;)Z @ 19 c2
Event: 3.207 Thread 0x000001bbc3ef44f0 DEOPT PACKING pc=0x000001bbb0c79464 sp=0x0000002afd0f7d60
Event: 3.207 Thread 0x000001bbc3ef44f0 DEOPT UNPACKING pc=0x000001bbb05d43a2 sp=0x0000002afd0f7c38 mode 2
Event: 3.207 Thread 0x000001bbc3ef44f0 Uncommon trap: trap_request=0xffffffde fr.pc=0x000001bbb0c79464 relative=0x0000000000000824
Event: 3.207 Thread 0x000001bbc3ef44f0 Uncommon trap: reason=class_check action=maybe_recompile pc=0x000001bbb0c79464 method=java.util.regex.Pattern$BmpCharProperty.match(Ljava/util/regex/Matcher;ILjava/lang/CharSequence;)Z @ 19 c2
Event: 3.207 Thread 0x000001bbc3ef44f0 DEOPT PACKING pc=0x000001bbb0c79464 sp=0x0000002afd0f7d60
Event: 3.207 Thread 0x000001bbc3ef44f0 DEOPT UNPACKING pc=0x000001bbb05d43a2 sp=0x0000002afd0f7c38 mode 2
Event: 3.216 Thread 0x000001bbc3ef44f0 Uncommon trap: trap_request=0xffffffde fr.pc=0x000001bbb0c79464 relative=0x0000000000000824
Event: 3.216 Thread 0x000001bbc3ef44f0 Uncommon trap: reason=class_check action=maybe_recompile pc=0x000001bbb0c79464 method=java.util.regex.Pattern$BmpCharProperty.match(Ljava/util/regex/Matcher;ILjava/lang/CharSequence;)Z @ 19 c2
Event: 3.216 Thread 0x000001bbc3ef44f0 DEOPT PACKING pc=0x000001bbb0c79464 sp=0x0000002afd0f7d60
Event: 3.216 Thread 0x000001bbc3ef44f0 DEOPT UNPACKING pc=0x000001bbb05d43a2 sp=0x0000002afd0f7c38 mode 2
Event: 3.220 Thread 0x000001bbc3ef44f0 Uncommon trap: trap_request=0xffffffde fr.pc=0x000001bbb0c79464 relative=0x0000000000000824
Event: 3.220 Thread 0x000001bbc3ef44f0 Uncommon trap: reason=class_check action=maybe_recompile pc=0x000001bbb0c79464 method=java.util.regex.Pattern$BmpCharProperty.match(Ljava/util/regex/Matcher;ILjava/lang/CharSequence;)Z @ 19 c2
Event: 3.220 Thread 0x000001bbc3ef44f0 DEOPT PACKING pc=0x000001bbb0c79464 sp=0x0000002afd0f7d60
Event: 3.220 Thread 0x000001bbc3ef44f0 DEOPT UNPACKING pc=0x000001bbb05d43a2 sp=0x0000002afd0f7c38 mode 2

Classes loaded (20 events):
Event: 3.264 Loading class com/sun/beans/WildcardTypeImpl
Event: 3.264 Loading class com/sun/beans/WildcardTypeImpl done
Event: 3.265 Loading class java/beans/BeanProperty
Event: 3.265 Loading class java/beans/BeanProperty done
Event: 3.265 Loading class com/sun/beans/introspect/PropertyInfo$Name
Event: 3.265 Loading class com/sun/beans/introspect/PropertyInfo$Name done
Event: 3.265 Loading class java/beans/IndexedPropertyDescriptor
Event: 3.265 Loading class java/beans/IndexedPropertyDescriptor done
Event: 3.265 Loading class java/beans/GenericBeanInfo
Event: 3.265 Loading class java/beans/SimpleBeanInfo
Event: 3.265 Loading class java/beans/SimpleBeanInfo done
Event: 3.265 Loading class java/beans/GenericBeanInfo done
Event: 3.267 Loading class java/util/Hashtable$EntrySet
Event: 3.267 Loading class java/util/Hashtable$EntrySet done
Event: 3.270 Loading class java/util/concurrent/locks/ReentrantReadWriteLock
Event: 3.270 Loading class java/util/concurrent/locks/ReadWriteLock
Event: 3.270 Loading class java/util/concurrent/locks/ReadWriteLock done
Event: 3.270 Loading class java/util/concurrent/locks/ReentrantReadWriteLock done
Event: 3.274 Loading class java/util/EventObject
Event: 3.274 Loading class java/util/EventObject done

Classes unloaded (0 events):
No events

Classes redefined (0 events):
No events

Internal exceptions (20 events):
Event: 3.048 Thread 0x000001bbc3ef44f0 Exception <a 'java/lang/NoSuchMethodError'{0x0000000083a87a98}: 'void java.lang.invoke.DirectMethodHandle$Holder.invokeStatic(java.lang.Object, java.lang.Object, java.lang.Object, int)'> (0x0000000083a87a98) 
thrown [s\src\hotspot\share\interpreter\linkResolver.cpp, line 784]
Event: 3.053 Thread 0x000001bbc3ef44f0 Exception <a 'sun/nio/fs/WindowsException'{0x0000000083ae1ad8}> (0x0000000083ae1ad8) 
thrown [s\src\hotspot\share\prims\jni.cpp, line 537]
Event: 3.055 Thread 0x000001bbc3ef44f0 Exception <a 'java/lang/NoSuchMethodError'{0x0000000083af6ee8}: 'java.lang.Object java.lang.invoke.DirectMethodHandle$Holder.invokeStatic(java.lang.Object, java.lang.Object, int, java.lang.Object)'> (0x0000000083af6ee8) 
thrown [s\src\hotspot\share\interpreter\linkResolver.cpp, line 784]
Event: 3.056 Thread 0x000001bbc3ef44f0 Exception <a 'java/lang/NoSuchMethodError'{0x0000000083afe2d0}: 'java.lang.Object java.lang.invoke.DirectMethodHandle$Holder.newInvokeSpecial(java.lang.Object, java.lang.Object, int, java.lang.Object)'> (0x0000000083afe2d0) 
thrown [s\src\hotspot\share\interpreter\linkResolver.cpp, line 784]
Event: 3.056 Thread 0x000001bbc3ef44f0 Exception <a 'java/lang/NoSuchMethodError'{0x0000000083902f50}: 'java.lang.Object java.lang.invoke.DirectMethodHandle$Holder.invokeSpecial(java.lang.Object, java.lang.Object, java.lang.Object, int, java.lang.Object)'> (0x0000000083902f50) 
thrown [s\src\hotspot\share\interpreter\linkResolver.cpp, line 784]
Event: 3.077 Thread 0x000001bbc3ef44f0 Exception <a 'sun/nio/fs/WindowsException'{0x00000000838b30a0}> (0x00000000838b30a0) 
thrown [s\src\hotspot\share\prims\jni.cpp, line 537]
Event: 3.086 Thread 0x000001bbc3ef44f0 Exception <a 'java/lang/NoSuchMethodError'{0x00000000838fcf48}: 'void java.lang.invoke.DirectMethodHandle$Holder.invokeInterface(java.lang.Object, java.lang.Object, java.lang.Object, java.lang.Object, java.lang.Object, java.lang.Object, java.lang.Object)'> (0x00000000838fcf48) 
thrown [s\src\hotspot\share\interpreter\linkResolver.cpp, line 784]
Event: 3.087 Thread 0x000001bbc3ef44f0 Exception <a 'java/lang/NoSuchMethodError'{0x0000000083758660}: 'void java.lang.invoke.DelegatingMethodHandle$Holder.reinvoke_L(java.lang.Object, java.lang.Object, java.lang.Object, java.lang.Object, java.lang.Object, java.lang.Object, java.lang.Object)'> (0x0000000083758660) 
thrown [s\src\hotspot\share\interpreter\linkResolver.cpp, line 784]
Event: 3.184 Thread 0x000001bbc3ef44f0 Implicit null exception at 0x000001bbb0c735b4 to 0x000001bbb0c73ad4
Event: 3.184 Thread 0x000001bbc3ef44f0 Implicit null exception at 0x000001bbb0bde098 to 0x000001bbb0bde40c
Event: 3.184 Thread 0x000001bbc3ef44f0 Implicit null exception at 0x000001bbb0c351b0 to 0x000001bbb0c35a74
Event: 3.184 Thread 0x000001bbc3ef44f0 Exception <a 'java/lang/NoSuchMethodError'{0x0000000082e94858}: 'java.lang.Class[] java.lang.Class.getPermittedSubclasses(java.lang.Class)'> (0x0000000082e94858) 
thrown [s\src\hotspot\share\interpreter\linkResolver.cpp, line 784]
Event: 3.189 Thread 0x000001bbc3ef44f0 Exception <a 'java/lang/NoSuchMethodError'{0x0000000082ed3bf8}: 'java.lang.reflect.Method[] java.lang.Class.getDeclaredMethods(java.lang.Class)'> (0x0000000082ed3bf8) 
thrown [s\src\hotspot\share\interpreter\linkResolver.cpp, line 784]
Event: 3.254 Thread 0x000001bbc3ef44f0 Exception <a 'java/lang/ClassNotFoundException'{0x00000000829f3528}: groovy/lang/ExpandoMetaClassBeanInfo> (0x00000000829f3528) 
thrown [s\src\hotspot\share\classfile\systemDictionary.cpp, line 312]
Event: 3.254 Thread 0x000001bbc3ef44f0 Exception <a 'java/lang/ClassNotFoundException'{0x00000000829fc8b0}: groovy/lang/MetaClassImplBeanInfo> (0x00000000829fc8b0) 
thrown [s\src\hotspot\share\classfile\systemDictionary.cpp, line 312]
Event: 3.260 Thread 0x000001bbc3ef44f0 Exception <a 'java/lang/ClassNotFoundException'{0x0000000093d021b8}: java/lang/ObjectBeanInfo> (0x0000000093d021b8) 
thrown [s\src\hotspot\share\classfile\systemDictionary.cpp, line 312]
Event: 3.261 Thread 0x000001bbc3ef44f0 Exception <a 'java/lang/ClassNotFoundException'{0x0000000093d08890}: java/lang/ObjectCustomizer> (0x0000000093d08890) 
thrown [s\src\hotspot\share\classfile\systemDictionary.cpp, line 312]
Event: 3.263 Thread 0x000001bbc3ef44f0 Exception <a 'java/lang/IncompatibleClassChangeError'{0x0000000093d191f8}: Found class java.lang.Object, but interface was expected> (0x0000000093d191f8) 
thrown [s\src\hotspot\share\interpreter\linkResolver.cpp, line 851]
Event: 3.266 Thread 0x000001bbc3ef44f0 Exception <a 'java/lang/ClassNotFoundException'{0x0000000093d3ccc8}: groovy/lang/MetaClassImplCustomizer> (0x0000000093d3ccc8) 
thrown [s\src\hotspot\share\classfile\systemDictionary.cpp, line 312]
Event: 3.267 Thread 0x000001bbc3ef44f0 Exception <a 'java/lang/ClassNotFoundException'{0x0000000093d68740}: groovy/lang/ExpandoMetaClassCustomizer> (0x0000000093d68740) 
thrown [s\src\hotspot\share\classfile\systemDictionary.cpp, line 312]

ZGC Phase Switch (0 events):
No events

VM Operations (20 events):
Event: 2.847 Executing safepoint VM operation: G1CollectForAllocation (G1 Evacuation Pause)
Event: 2.850 Executing safepoint VM operation: G1CollectForAllocation (G1 Evacuation Pause) done
Event: 3.006 Executing non-safepoint VM operation: HandshakeAllThreads (Deoptimize)
Event: 3.006 Executing non-safepoint VM operation: HandshakeAllThreads (Deoptimize) done
Event: 3.016 Executing non-safepoint VM operation: HandshakeAllThreads (Deoptimize)
Event: 3.017 Executing non-safepoint VM operation: HandshakeAllThreads (Deoptimize) done
Event: 3.090 Executing non-safepoint VM operation: HandshakeAllThreads (Deoptimize)
Event: 3.091 Executing non-safepoint VM operation: HandshakeAllThreads (Deoptimize) done
Event: 3.091 Executing non-safepoint VM operation: HandshakeAllThreads (Deoptimize)
Event: 3.091 Executing non-safepoint VM operation: HandshakeAllThreads (Deoptimize) done
Event: 3.133 Executing non-safepoint VM operation: HandshakeAllThreads (Deoptimize)
Event: 3.133 Executing non-safepoint VM operation: HandshakeAllThreads (Deoptimize) done
Event: 3.185 Executing safepoint VM operation: ICBufferFull
Event: 3.186 Executing safepoint VM operation: ICBufferFull done
Event: 3.221 Executing non-safepoint VM operation: HandshakeAllThreads (Deoptimize)
Event: 3.221 Executing non-safepoint VM operation: HandshakeAllThreads (Deoptimize) done
Event: 3.234 Executing non-safepoint VM operation: HandshakeAllThreads (Deoptimize)
Event: 3.234 Executing non-safepoint VM operation: HandshakeAllThreads (Deoptimize) done
Event: 3.254 Executing safepoint VM operation: G1CollectForAllocation (G1 Evacuation Pause)
Event: 3.259 Executing safepoint VM operation: G1CollectForAllocation (G1 Evacuation Pause) done

Memory protections (0 events):
No events

Nmethod flushes (20 events):
Event: 2.475 Thread 0x000001bbbdb135e0 flushing  nmethod 0x000001bba9094e10
Event: 2.475 Thread 0x000001bbbdb135e0 flushing  nmethod 0x000001bba9095e10
Event: 2.475 Thread 0x000001bbbdb135e0 flushing  nmethod 0x000001bba9096510
Event: 2.475 Thread 0x000001bbbdb135e0 flushing  nmethod 0x000001bba9097a10
Event: 2.475 Thread 0x000001bbbdb135e0 flushing  nmethod 0x000001bba9097e10
Event: 2.475 Thread 0x000001bbbdb135e0 flushing  nmethod 0x000001bba90e7f10
Event: 2.475 Thread 0x000001bbbdb135e0 flushing  nmethod 0x000001bba90e8290
Event: 2.475 Thread 0x000001bbbdb135e0 flushing  nmethod 0x000001bba90e8710
Event: 2.475 Thread 0x000001bbbdb135e0 flushing  nmethod 0x000001bba90e8a10
Event: 2.475 Thread 0x000001bbbdb135e0 flushing  nmethod 0x000001bba90e9410
Event: 2.475 Thread 0x000001bbbdb135e0 flushing  nmethod 0x000001bba916f010
Event: 2.475 Thread 0x000001bbbdb135e0 flushing  nmethod 0x000001bba9171290
Event: 2.475 Thread 0x000001bbbdb135e0 flushing  nmethod 0x000001bba9171e90
Event: 2.475 Thread 0x000001bbbdb135e0 flushing  nmethod 0x000001bba91cbd90
Event: 2.475 Thread 0x000001bbbdb135e0 flushing  nmethod 0x000001bba9235010
Event: 2.475 Thread 0x000001bbbdb135e0 flushing  nmethod 0x000001bba9235990
Event: 2.475 Thread 0x000001bbbdb135e0 flushing  nmethod 0x000001bba92d3510
Event: 2.475 Thread 0x000001bbbdb135e0 flushing  nmethod 0x000001bba92d4910
Event: 2.475 Thread 0x000001bbbdb135e0 flushing  nmethod 0x000001bba92d6290
Event: 2.475 Thread 0x000001bbbdb135e0 flushing  nmethod 0x000001bba94dfd90

Events (20 events):
Event: 1.424 Thread 0x000001bbc416d7b0 Thread added: 0x000001bbc48565d0
Event: 1.427 Thread 0x000001bbc48565d0 Thread added: 0x000001bbc2b93fe0
Event: 1.451 Thread 0x000001bbc48565d0 Thread added: 0x000001bbc4344880
Event: 1.460 Thread 0x000001bbc48565d0 Thread added: 0x000001bbc3ef44f0
Event: 1.466 Thread 0x000001bbc3ef44f0 Thread added: 0x000001bbc4adad50
Event: 1.469 Thread 0x000001bbc3ef44f0 Thread added: 0x000001bbc4ad9280
Event: 1.473 Thread 0x000001bbc3ef44f0 Thread added: 0x000001bbc4ad9910
Event: 1.774 Thread 0x000001bbc3ef44f0 Thread added: 0x000001bbc4ad6b20
Event: 1.781 Thread 0x000001bbc3ef44f0 Thread added: 0x000001bbc4ad8bf0
Event: 1.821 Thread 0x000001bbc3ef44f0 Thread added: 0x000001bbc4ad71b0
Event: 2.482 Thread 0x000001bbc3ef44f0 Thread added: 0x000001bbc4ad8560
Event: 2.493 Thread 0x000001bbc3ef44f0 Thread added: 0x000001bbc75a6fc0
Event: 2.619 Thread 0x000001bbc3ef44f0 Thread added: 0x000001bbc75a9090
Event: 2.622 Thread 0x000001bbc3ef44f0 Thread added: 0x000001bbc75a7650
Event: 2.706 Thread 0x000001bbc3ef44f0 Thread added: 0x000001bbc75a8a00
Event: 2.749 Thread 0x000001bbc3ef44f0 Thread added: 0x000001bbc75a5c10
Event: 2.899 Thread 0x000001bbc3ef44f0 Thread added: 0x000001bbc75a62a0
Event: 2.933 Thread 0x000001bbc3ef44f0 Thread added: 0x000001bbc75a6930
Event: 3.056 Thread 0x000001bbc3ef44f0 Thread added: 0x000001bbc6af2380
Event: 3.078 Thread 0x000001bbc3ef44f0 Thread added: 0x000001bbc6af3730


Dynamic libraries:
0x00007ff7e0630000 - 0x00007ff7e063a000 	C:\Program Files\Android\Android Studio\jbr\bin\java.exe
0x00007ff9ee0a0000 - 0x00007ff9ee307000 	C:\WINDOWS\SYSTEM32\ntdll.dll
0x00007ff9ed8a0000 - 0x00007ff9ed969000 	C:\WINDOWS\System32\KERNEL32.DLL
0x00007ff9eaec0000 - 0x00007ff9eb2b7000 	C:\WINDOWS\System32\KERNELBASE.dll
0x00007ff9eac00000 - 0x00007ff9ead4b000 	C:\WINDOWS\System32\ucrtbase.dll
0x00007ff9e5d50000 - 0x00007ff9e5d6b000 	C:\Program Files\Android\Android Studio\jbr\bin\VCRUNTIME140.dll
0x00007ff9abb30000 - 0x00007ff9abb48000 	C:\Program Files\Android\Android Studio\jbr\bin\jli.dll
0x00007ff9ec350000 - 0x00007ff9ec516000 	C:\WINDOWS\System32\USER32.dll
0x00007ff9ead50000 - 0x00007ff9ead77000 	C:\WINDOWS\System32\win32u.dll
0x00007ff9d6b70000 - 0x00007ff9d6e02000 	C:\WINDOWS\WinSxS\amd64_microsoft.windows.common-controls_6595b64144ccf1df_6.0.26100.8457_none_3e0b2faee331e92d\COMCTL32.dll
0x00007ff9ee030000 - 0x00007ff9ee05b000 	C:\WINDOWS\System32\GDI32.dll
0x00007ff9ed7c0000 - 0x00007ff9ed869000 	C:\WINDOWS\System32\msvcrt.dll
0x00007ff9eaad0000 - 0x00007ff9eabfc000 	C:\WINDOWS\System32\gdi32full.dll
0x00007ff9ead80000 - 0x00007ff9eae23000 	C:\WINDOWS\System32\msvcp_win.dll
0x00007ff9ed000000 - 0x00007ff9ed032000 	C:\WINDOWS\System32\IMM32.DLL
0x00007ff9e5dd0000 - 0x00007ff9e5ddc000 	C:\Program Files\Android\Android Studio\jbr\bin\vcruntime140_1.dll
0x00007ff96fe30000 - 0x00007ff96febd000 	C:\Program Files\Android\Android Studio\jbr\bin\msvcp140.dll
0x00007ff926be0000 - 0x00007ff927876000 	C:\Program Files\Android\Android Studio\jbr\bin\server\jvm.dll
0x00007ff9ecee0000 - 0x00007ff9ecf96000 	C:\WINDOWS\System32\ADVAPI32.dll
0x00007ff9ebf20000 - 0x00007ff9ebfc7000 	C:\WINDOWS\System32\sechost.dll
0x00007ff9ed970000 - 0x00007ff9eda88000 	C:\WINDOWS\System32\RPCRT4.dll
0x00007ff9ecab0000 - 0x00007ff9ecb30000 	C:\WINDOWS\System32\WS2_32.dll
0x00007ff9ea950000 - 0x00007ff9ea9ae000 	C:\WINDOWS\SYSTEM32\POWRPROF.dll
0x00007ff9e42f0000 - 0x00007ff9e42fb000 	C:\WINDOWS\SYSTEM32\VERSION.dll
0x00007ff9e42b0000 - 0x00007ff9e42e6000 	C:\WINDOWS\SYSTEM32\WINMM.dll
0x00007ff9ea930000 - 0x00007ff9ea944000 	C:\WINDOWS\SYSTEM32\UMPDC.dll
0x00007ff9e9860000 - 0x00007ff9e987b000 	C:\WINDOWS\SYSTEM32\kernel.appcore.dll
0x00007ff9e5dc0000 - 0x00007ff9e5dca000 	C:\Program Files\Android\Android Studio\jbr\bin\jimage.dll
0x00007ff9e8c80000 - 0x00007ff9e8ec2000 	C:\WINDOWS\SYSTEM32\DBGHELP.DLL
0x00007ff9ecb40000 - 0x00007ff9ecec3000 	C:\WINDOWS\System32\combase.dll
0x00007ff9ec5e0000 - 0x00007ff9ec6b9000 	C:\WINDOWS\System32\OLEAUT32.dll
0x00007ff9c09d0000 - 0x00007ff9c0a0b000 	C:\WINDOWS\SYSTEM32\dbgcore.DLL
0x00007ff9eb2c0000 - 0x00007ff9eb368000 	C:\WINDOWS\System32\bcryptPrimitives.dll
0x00007ff9c1510000 - 0x00007ff9c151e000 	C:\Program Files\Android\Android Studio\jbr\bin\instrument.dll
0x00007ff9e5d10000 - 0x00007ff9e5d30000 	C:\Program Files\Android\Android Studio\jbr\bin\java.dll
0x00007ff9e5c90000 - 0x00007ff9e5ca8000 	C:\Program Files\Android\Android Studio\jbr\bin\zip.dll
0x00007ff9ed040000 - 0x00007ff9ed7ae000 	C:\WINDOWS\System32\SHELL32.dll
0x00007ff9eb4f0000 - 0x00007ff9ebd5c000 	C:\WINDOWS\System32\windows.storage.dll
0x00007ff9ebe20000 - 0x00007ff9ebf16000 	C:\WINDOWS\System32\SHCORE.dll
0x00007ff9ebff0000 - 0x00007ff9ec056000 	C:\WINDOWS\System32\shlwapi.dll
0x00007ff9ea9f0000 - 0x00007ff9eaa19000 	C:\WINDOWS\SYSTEM32\profapi.dll
0x00007ff9e5d40000 - 0x00007ff9e5d50000 	C:\Program Files\Android\Android Studio\jbr\bin\net.dll
0x00007ff9e1800000 - 0x00007ff9e1929000 	C:\WINDOWS\SYSTEM32\WINHTTP.dll
0x00007ff9e9dd0000 - 0x00007ff9e9e3c000 	C:\WINDOWS\system32\mswsock.dll
0x00007ff9e1100000 - 0x00007ff9e1116000 	C:\Program Files\Android\Android Studio\jbr\bin\nio.dll
0x00007ff9e0fe0000 - 0x00007ff9e0ff0000 	C:\Program Files\Android\Android Studio\jbr\bin\verify.dll
0x00007ff9741f0000 - 0x00007ff974217000 	C:\Users\Anselmus\.gradle\native\660c5614fbf4a5f2a75b1949f50a0caf5cd603558e7d8a26e50b933a0cfb79d1\windows-amd64\native-platform.dll
0x00007ff93a7b0000 - 0x00007ff93a827000 	C:\Users\Anselmus\.gradle\native\0.2.8\x86_64-windows-gnu\gradle-fileevents.dll
0x00007ff9e1010000 - 0x00007ff9e1019000 	C:\Program Files\Android\Android Studio\jbr\bin\management.dll
0x00007ff9e1000000 - 0x00007ff9e100b000 	C:\Program Files\Android\Android Studio\jbr\bin\management_ext.dll
0x00007ff9ecaa0000 - 0x00007ff9ecaa8000 	C:\WINDOWS\System32\PSAPI.DLL
0x00007ff9e9220000 - 0x00007ff9e9252000 	C:\WINDOWS\SYSTEM32\IPHLPAPI.DLL
0x00007ff9ec6c0000 - 0x00007ff9ec6ca000 	C:\WINDOWS\System32\NSI.dll
0x00007ff9e5c80000 - 0x00007ff9e5c89000 	C:\Program Files\Android\Android Studio\jbr\bin\extnet.dll
0x00007ff9ea0c0000 - 0x00007ff9ea0db000 	C:\WINDOWS\SYSTEM32\CRYPTSP.dll
0x00007ff9e97a0000 - 0x00007ff9e97d9000 	C:\WINDOWS\system32\rsaenh.dll
0x00007ff9e9e80000 - 0x00007ff9e9eb3000 	C:\WINDOWS\SYSTEM32\USERENV.dll
0x00007ff9ea9c0000 - 0x00007ff9ea9ea000 	C:\WINDOWS\SYSTEM32\bcrypt.dll
0x00007ff9ea0b0000 - 0x00007ff9ea0bc000 	C:\WINDOWS\SYSTEM32\CRYPTBASE.dll
0x00007ff9a1d90000 - 0x00007ff9a1d98000 	C:\WINDOWS\system32\wshunix.dll

JVMTI agents:
C:\Users\Anselmus\.gradle\wrapper\dists\gradle-9.4.1-bin\arn2x92ynaizyzdaamcbpbhtj\gradle-9.4.1\lib\agents\gradle-instrumentation-agent-9.4.1.jar path:C:\Program Files\Android\Android Studio\jbr\bin\instrument.dll, loaded, initialized, instrumentlib options:none

dbghelp: loaded successfully - version: 4.0.5 - missing functions: none
symbol engine: initialized successfully - sym options: 0x614 - pdb path: .;C:\Program Files\Android\Android Studio\jbr\bin;C:\WINDOWS\SYSTEM32;C:\WINDOWS\WinSxS\amd64_microsoft.windows.common-controls_6595b64144ccf1df_6.0.26100.8457_none_3e0b2faee331e92d;C:\Program Files\Android\Android Studio\jbr\bin\server;C:\Users\Anselmus\.gradle\native\660c5614fbf4a5f2a75b1949f50a0caf5cd603558e7d8a26e50b933a0cfb79d1\windows-amd64;C:\Users\Anselmus\.gradle\native\0.2.8\x86_64-windows-gnu

VM Arguments:
jvm_args: --add-opens=java.base/java.lang=ALL-UNNAMED --add-opens=java.base/java.lang.invoke=ALL-UNNAMED --add-opens=java.base/java.util=ALL-UNNAMED --add-opens=java.prefs/java.util.prefs=ALL-UNNAMED --add-exports=jdk.compiler/com.sun.tools.javac.api=ALL-UNNAMED --add-exports=jdk.compiler/com.sun.tools.javac.util=ALL-UNNAMED --add-opens=java.base/java.util=ALL-UNNAMED --add-opens=java.prefs/java.util.prefs=ALL-UNNAMED --add-opens=java.base/java.nio.charset=ALL-UNNAMED --add-opens=java.base/java.net=ALL-UNNAMED --add-opens=java.base/java.util.concurrent=ALL-UNNAMED --add-opens=java.base/java.util.concurrent.atomic=ALL-UNNAMED --add-opens=java.xml/javax.xml.namespace=ALL-UNNAMED --add-opens=java.base/java.time=ALL-UNNAMED -Xmx2048m -Dfile.encoding=UTF-8 -Duser.country=ID -Duser.language=en -Duser.variant -javaagent:C:\Users\Anselmus\.gradle\wrapper\dists\gradle-9.4.1-bin\arn2x92ynaizyzdaamcbpbhtj\gradle-9.4.1\lib\agents\gradle-instrumentation-agent-9.4.1.jar 
java_command: org.gradle.launcher.daemon.bootstrap.GradleDaemon 9.4.1
java_class_path (initial): C:\Users\Anselmus\.gradle\wrapper\dists\gradle-9.4.1-bin\arn2x92ynaizyzdaamcbpbhtj\gradle-9.4.1\lib\gradle-daemon-main-9.4.1.jar
Launcher Type: SUN_STANDARD

[Global flags]
     intx CICompilerCount                          = 4                                         {product} {ergonomic}
     uint ConcGCThreads                            = 3                                         {product} {ergonomic}
     uint G1ConcRefinementThreads                  = 10                                        {product} {ergonomic}
   size_t G1HeapRegionSize                         = 1048576                                   {product} {ergonomic}
    uintx GCDrainStackTargetSize                   = 64                                        {product} {ergonomic}
   size_t InitialHeapSize                          = 333447168                                 {product} {ergonomic}
   size_t MarkStackSize                            = 4194304                                   {product} {ergonomic}
   size_t MaxHeapSize                              = 2147483648                                {product} {command line}
   size_t MaxNewSize                               = 1287651328                                {product} {ergonomic}
   size_t MinHeapDeltaBytes                        = 1048576                                   {product} {ergonomic}
   size_t MinHeapSize                              = 8388608                                   {product} {ergonomic}
    uintx NonNMethodCodeHeapSize                   = 5839372                                {pd product} {ergonomic}
    uintx NonProfiledCodeHeapSize                  = 122909434                              {pd product} {ergonomic}
    uintx ProfiledCodeHeapSize                     = 122909434                              {pd product} {ergonomic}
    uintx ReservedCodeCacheSize                    = 251658240                              {pd product} {ergonomic}
     bool SegmentedCodeCache                       = true                                      {product} {ergonomic}
   size_t SoftMaxHeapSize                          = 2147483648                             {manageable} {ergonomic}
     bool UseCompressedOops                        = true                           {product lp64_product} {ergonomic}
     bool UseG1GC                                  = true                                      {product} {ergonomic}
     bool UseLargePagesIndividualAllocation        = false                                  {pd product} {ergonomic}

Logging:
Log output configuration:
 #0: stdout all=warning uptime,level,tags foldmultilines=false
 #1: stderr all=off uptime,level,tags foldmultilines=false

Release file:
JAVA_VERSION="21.0.10" 
MODULES="java.base java.compiler java.datatransfer java.xml java.prefs java.desktop java.instrument java.logging java.management java.security.sasl java.naming java.rmi java.management.rmi java.net.http java.scripting java.security.jgss java.transaction.xa java.sql java.sql.rowset java.xml.crypto java.se java.smartcardio jdk.accessibility jdk.internal.jvmstat jdk.attach jdk.charsets jdk.internal.opt jdk.zipfs jdk.compiler jdk.crypto.ec jdk.crypto.cryptoki jdk.dynalink jdk.hotspot.agent jdk.httpserver jdk.internal.ed jdk.internal.le jdk.internal.vm.ci jdk.jartool jdk.javadoc jdk.jcmd jdk.jdeps jdk.jdwp.agent jdk.jdi jdk.jfr jdk.jlink jdk.jsobject jdk.localedata jdk.management jdk.management.agent jdk.management.jfr jdk.naming.dns jdk.naming.rmi jdk.net jdk.sctp jdk.security.auth jdk.security.jgss jdk.unsupported jdk.unsupported.desktop jdk.xml.dom" 
IMPLEMENTOR="JetBrains s.r.o." 
JAVA_RUNTIME_VERSION="21.0.10+-14961533-b1163.108" 
LIBC="default" 
OS_ARCH="x86_64" 
OS_NAME="Windows" 
SOURCE=".:git:1351622c2ff2" 

Environment Variables:
PATH=C:\Program Files\NVIDIA GPU Computing Toolkit\CUDA\v13.2\bin\x64;C:\Program Files\NVIDIA GPU Computing Toolkit\CUDA\v13.2\bin;C:\Program Files (x86)\Common Files\Oracle\Java\java8path;C:\Program Files (x86)\Common Files\Oracle\Java\javapath;C:\Program Files\Eclipse Adoptium\jdk-25.0.2.10-hotspot\bin;C:\Windows\system32;C:\Windows;C:\Windows\System32\Wbem;C:\Windows\System32\WindowsPowerShell\v1.0\;C:\Windows\System32\OpenSSH\;C:\WINDOWS\system32;C:\WINDOWS;C:\WINDOWS\System32\Wbem;C:\WINDOWS\System32\WindowsPowerShell\v1.0\;C:\WINDOWS\System32\OpenSSH\;C:\ProgramData\chocolatey\bin;C:\Program Files (x86)\NVIDIA Corporation\PhysX\Common;C:\MinGW\bin;C:\Program Files\NVIDIA Corporation\NVIDIA App\NvDLISR;C:\Program Files\Git\cmd;C:\Program Files\nodejs\;C:\Users\Anselmus\AppData\Local\Android\Sdk\platform-tools;C:\Program Files\OpenSSL-Win64;C:\Program Files\CMake\bin;C:\Program Files\Docker\Docker\resources\bin;C:\Users\Anselmus\.unsloth\studio\bin;C:\Program Files\NVIDIA GPU Computing Toolkit\CUDA\v13.2\bin;C:\Users\Anselmus\AppData\Local\Programs\Python\Launcher\;C:\Users\Anselmus\AppData\Local\Microsoft\WindowsApps;C:\Users\Anselmus\AppData\Local\Programs\Microsoft VS Code\bin;C:\Users\Anselmus\AppData\Local\spicetify;C:\Program Files\JetBrains\CLion 2024.1.1\bin;C:\Users\Anselmus\Downloads\Programs\mingw-w64-v11.0.0\mingw-w64-v11.0.0\mingw64\bin;C:\Users\Anselmus\AppData\Local\Microsoft\WindowsApps;D:\Ansel\Kuliah\Binus\Semester 3\2. Code - Kuliah\OOP\flutter\bin;C:\1. CODING\Semester 4 - Code\DEX2JAR\dex-tools-2.1;C:\Users\Anselmus\AppData\Roaming\npm;C:\Users\Anselmus\AppData\Local\Packages\PythonSoftwareFoundation.Python.3.13_qbz5n2kfra8p0\LocalCache\local-packages\Python313\Scripts;C:\Users\Anselmus\AppData\Local\Microsoft\WinGet\Packages\astral-sh.uv_Microsoft.Winget.Source_8wekyb3d8bbwe
USERNAME=Anselmus
OS=Windows_NT
PROCESSOR_IDENTIFIER=AMD64 Family 25 Model 80 Stepping 0, AuthenticAMD
TMP=C:\Users\Anselmus\AppData\Local\Temp
TEMP=C:\Users\Anselmus\AppData\Local\Temp




Periodic native trim disabled

JNI global refs:
JNI global refs: 24, weak refs: 2

JNI global refs memory usage: 835, weak refs: 833

Process memory usage:
Resident Set Size: 282700K (1% of 20820028K total physical memory with 4501672K free physical memory)

OOME stack traces (most recent first):
Classloader memory used:
Loader org.gradle.internal.classloader.VisitableURLClassLoader                         : 23765K
Loader bootstrap                                                                       : 19938K
Loader org.gradle.initialization.MixInLegacyTypesClassLoader                           : 4407K
Loader jdk.internal.loader.ClassLoaders$AppClassLoader                                 : 189K
Loader jdk.internal.loader.ClassLoaders$PlatformClassLoader                            : 130K
Loader org.gradle.groovy.scripts.internal.DefaultScriptCompilationHandler$ScriptClassLoader: 4872B

Classes loaded by more than one classloader:
Class org.gradle.internal.classloader.FilteringClassLoader                            : loaded 2 times (x 105B)
Class org.gradle.internal.classloader.ClassLoaderHierarchy                            : loaded 2 times (x 70B)
Class org.gradle.internal.classloader.DefaultClassLoaderFactory                       : loaded 2 times (x 82B)
Class org.gradle.api.internal.DefaultClassPathProvider                                : loaded 2 times (x 76B)
Class [Lorg.gradle.api.internal.ClassPathProvider;                                    : loaded 2 times (x 69B)
Class org.gradle.api.internal.ClassPathProvider                                       : loaded 2 times (x 70B)
Class org.gradle.internal.service.UnknownServiceException                             : loaded 2 times (x 83B)
Class org.gradle.internal.classpath.TransformedClassPath                              : loaded 2 times (x 96B)
Class org.gradle.internal.classloader.InstrumentingClassLoader                        : loaded 2 times (x 70B)
Class org.gradle.internal.service.ServiceLocator                                      : loaded 2 times (x 70B)
Class org.gradle.api.internal.classpath.DefaultModuleRegistry$DefaultModule           : loaded 2 times (x 82B)
Class org.gradle.api.internal.classpath.Module                                        : loaded 2 times (x 70B)
Class org.gradle.api.internal.classpath.UnknownModuleException                        : loaded 2 times (x 82B)
Class org.gradle.api.internal.DefaultClassPathRegistry                                : loaded 2 times (x 76B)
Class org.gradle.internal.classpath.DefaultClassPath$ImmutableUniqueList              : loaded 2 times (x 199B)
Class org.gradle.api.internal.ClassPathRegistry                                       : loaded 2 times (x 70B)
Class org.gradle.internal.classpath.ClassPath                                         : loaded 2 times (x 70B)
Class org.gradle.api.internal.classpath.DefaultModuleRegistry$DefaultModuleAlias      : loaded 2 times (x 80B)
Class org.gradle.api.internal.classpath.ModuleRegistry                                : loaded 2 times (x 70B)
Class org.gradle.internal.installation.GradleInstallation$1                           : loaded 2 times (x 75B)
Class org.gradle.api.internal.classpath.DefaultModuleRegistry                         : loaded 2 times (x 84B)
Class org.gradle.internal.service.ServiceLookupException                              : loaded 2 times (x 82B)
Class org.gradle.internal.classloader.ClassLoaderFactory                              : loaded 2 times (x 70B)
Class org.gradle.internal.service.CachingServiceLocator                               : loaded 2 times (x 82B)
Class org.gradle.internal.classloader.ClasspathUtil                                   : loaded 2 times (x 71B)
Class org.gradle.api.specs.Spec                                                       : loaded 2 times (x 70B)
Class org.gradle.internal.classloader.VisitableURLClassLoader$InstrumentingVisitableURLClassLoader: loaded 2 times (x 123B)
Class org.gradle.internal.classloader.VisitableURLClassLoader$Spec                    : loaded 2 times (x 74B)
Class org.gradle.internal.classpath.DefaultClassPath                                  : loaded 2 times (x 90B)
Class org.gradle.internal.classloader.ClassLoaderSpec                                 : loaded 2 times (x 71B)
Class org.gradle.api.internal.classpath.Module$ModuleAlias                            : loaded 2 times (x 70B)
Class org.gradle.internal.classloader.VisitableURLClassLoader                         : loaded 2 times (x 117B)
Class org.gradle.internal.Cast                                                        : loaded 2 times (x 71B)
Class org.gradle.api.Action                                                           : loaded 2 times (x 70B)
Class org.gradle.internal.classpath.DefaultClassPath$ImmutableUniqueList$Builder      : loaded 2 times (x 75B)
Class org.gradle.api.GradleException                                                  : loaded 2 times (x 82B)
Class org.gradle.internal.IoActions                                                   : loaded 2 times (x 71B)
Class org.gradle.internal.installation.CurrentGradleInstallationLocator               : loaded 2 times (x 71B)
Class org.gradle.internal.service.DefaultServiceLocator                               : loaded 2 times (x 83B)
Class org.gradle.internal.installation.CurrentGradleInstallation                      : loaded 2 times (x 73B)
Class org.gradle.util.internal.GUtil                                                  : loaded 2 times (x 71B)
Class org.gradle.internal.installation.GradleInstallation                             : loaded 2 times (x 75B)

---------------  S Y S T E M  ---------------

OS:
 Windows 11 , 64 bit Build 26100 (10.0.26100.8328)
OS uptime: 0 days 0:51 hours
Hyper-V role detected

CPU: total 12 (initial active 12) (12 cores per cpu, 2 threads per core) family 25 model 80 stepping 0 microcode 0xa50000d, cx8, cmov, fxsr, ht, mmx, 3dnowpref, sse, sse2, sse3, ssse3, sse4a, sse4.1, sse4.2, popcnt, lzcnt, tsc, tscinvbit, avx, avx2, aes, erms, clmul, bmi1, bmi2, adx, sha, fma, vzeroupper, clflush, clflushopt, hv, rdtscp, rdpid, fsrm, f16c, cet_ss
Processor Information for the first 12 processors :
  Max Mhz: 3301, Current Mhz: 3301, Mhz Limit: 3301

Memory: 4k page, system-wide physical 20332M (4402M free)
TotalPageFile size 20332M (AvailPageFile size 27M)
current process WorkingSet (physical memory assigned to process): 270M, peak: 281M
current process commit charge ("private bytes"): 313M, peak: 470M

vm_info: OpenJDK 64-Bit Server VM (21.0.10+-14961533-b1163.108) for windows-amd64 JRE (21.0.10+-14961533-b1163.108), built on 2026-03-02T19:58:50Z by "builder" with MS VC++ 16.10 / 16.11 (VS2019)

END.
