#
# There is insufficient memory for the Java Runtime Environment to continue.
# Native memory allocation (malloc) failed to allocate 1779904 bytes. Error detail: Chunk::new
# Possible reasons:
#   The system is out of physical RAM or swap space
#   This process is running with CompressedOops enabled, and the Java Heap may be blocking the growth of the native heap
# Possible solutions:
#   Reduce memory load on the system
#   Increase physical memory or swap space
#   Check if swap backing store is full
#   Decrease Java heap size (-Xmx/-Xms)
#   Decrease number of Java threads
#   Decrease Java thread stack sizes (-Xss)
#   Set larger code cache with -XX:ReservedCodeCacheSize=
#   JVM is running with Unscaled Compressed Oops mode in which the Java heap is
#     placed in the first 4GB address space. The Java Heap base address is the
#     maximum limit for the native heap growth. Please use -XX:HeapBaseMinAddress
#     to set the Java Heap base and to place the Java Heap above 4GB virtual address.
# This output file may be truncated or incomplete.
#
#  Out of Memory Error (arena.cpp:168), pid=26200, tid=9848
#
# JRE version: OpenJDK Runtime Environment (21.0.10) (build 21.0.10+-14961533-b1163.108)
# Java VM: OpenJDK 64-Bit Server VM (21.0.10+-14961533-b1163.108, mixed mode, tiered, compressed oops, compressed class ptrs, g1 gc, windows-amd64)
# No core dump will be written. Minidumps are not enabled by default on client versions of Windows
#

---------------  S U M M A R Y ------------

Command Line: --add-opens=java.base/java.lang=ALL-UNNAMED --add-opens=java.base/java.lang.invoke=ALL-UNNAMED --add-opens=java.base/java.util=ALL-UNNAMED --add-opens=java.prefs/java.util.prefs=ALL-UNNAMED --add-exports=jdk.compiler/com.sun.tools.javac.api=ALL-UNNAMED --add-exports=jdk.compiler/com.sun.tools.javac.util=ALL-UNNAMED --add-opens=java.base/java.util=ALL-UNNAMED --add-opens=java.prefs/java.util.prefs=ALL-UNNAMED --add-opens=java.base/java.nio.charset=ALL-UNNAMED --add-opens=java.base/java.net=ALL-UNNAMED --add-opens=java.base/java.util.concurrent=ALL-UNNAMED --add-opens=java.base/java.util.concurrent.atomic=ALL-UNNAMED --add-opens=java.xml/javax.xml.namespace=ALL-UNNAMED --add-opens=java.base/java.time=ALL-UNNAMED -Xmx2048m -Dfile.encoding=UTF-8 -Duser.country=ID -Duser.language=en -Duser.variant -javaagent:C:\Users\Anselmus\.gradle\wrapper\dists\gradle-9.4.1-bin\arn2x92ynaizyzdaamcbpbhtj\gradle-9.4.1\lib\agents\gradle-instrumentation-agent-9.4.1.jar org.gradle.launcher.daemon.bootstrap.GradleDaemon 9.4.1

Host: AMD Ryzen 5 5600H with Radeon Graphics         , 12 cores, 19G,  Windows 11 , 64 bit Build 26100 (10.0.26100.8328)
Time: Wed May 20 12:52:13 2026 SE Asia Standard Time elapsed time: 10.701074 seconds (0d 0h 0m 10s)

---------------  T H R E A D  ---------------

Current thread (0x000002333c594830):  JavaThread "C2 CompilerThread1" daemon [_thread_in_native, id=9848, stack(0x000000f89ab00000,0x000000f89ac00000) (1024K)]


Current CompileTask:
C2:10701 8851       4       org.gradle.cache.internal.btree.CachingBlockStore::read (56 bytes)

Stack: [0x000000f89ab00000,0x000000f89ac00000]
Native frames: (J=compiled Java code, j=interpreted, Vv=VM code, C=native code)
V  [jvm.dll+0x6d78a9]
V  [jvm.dll+0x8665b3]
V  [jvm.dll+0x868bde]
V  [jvm.dll+0x8692c3]
V  [jvm.dll+0x280ee6]
V  [jvm.dll+0xc07cd]
V  [jvm.dll+0xc0d03]
V  [jvm.dll+0x3ba0cb]
V  [jvm.dll+0x385df7]
V  [jvm.dll+0x38526a]
V  [jvm.dll+0x249bd2]
V  [jvm.dll+0x2491a1]
V  [jvm.dll+0x1c76e4]
V  [jvm.dll+0x25891e]
V  [jvm.dll+0x256e66]
V  [jvm.dll+0x3f513e]
V  [jvm.dll+0x80fd28]
V  [jvm.dll+0x6d60fd]
C  [ucrtbase.dll+0x37b0]
C  [KERNEL32.DLL+0x2e957]
C  [ntdll.dll+0x427c]


---------------  P R O C E S S  ---------------

Threads class SMR info:
_java_thread_list=0x0000023344a3d000, length=58, elements={
0x0000023321e37710, 0x000002333bf70850, 0x000002333bf83b20, 0x000002333bf84580,
0x000002333bf85b30, 0x000002333bf86590, 0x000002333bf875c0, 0x000002333bf88020,
0x000002333bfb9410, 0x000002333bf96750, 0x000002333c3d25c0, 0x0000023341cccfb0,
0x0000023343349750, 0x0000023341dc2210, 0x0000023341cf9200, 0x00000233430ccc40,
0x00000233430d8f10, 0x0000023342e05e50, 0x0000023342e07890, 0x0000023342e064e0,
0x0000023342e057c0, 0x0000023342e07f20, 0x0000023342e085b0, 0x0000023342e05130,
0x0000023345db8810, 0x0000023345db5390, 0x0000023345db5a20, 0x0000023345db60b0,
0x0000023345db6dd0, 0x0000023345db7460, 0x0000023345db7af0, 0x0000023344477ba0,
0x0000023344478230, 0x0000023344476160, 0x00000233444767f0, 0x0000023344474db0,
0x0000023344476e80, 0x0000023344477510, 0x00000233444788c0, 0x0000023344475440,
0x0000023344478f50, 0x0000023344475ad0, 0x000002334447bd40, 0x00000233444795e0,
0x000002334447a300, 0x000002334447a990, 0x000002334447b020, 0x000002334447b6b0,
0x000002334447c3d0, 0x000002334518e2e0, 0x000002334518dc50, 0x000002334518d5c0,
0x000002334518e970, 0x000002334518f690, 0x000002334518f000, 0x000002334518fd20,
0x000002333c594830, 0x000002333c594f00
}

Java Threads: ( => current thread )
  0x0000023321e37710 JavaThread "main"                              [_thread_blocked, id=22188, stack(0x000000f898200000,0x000000f898300000) (1024K)]
  0x000002333bf70850 JavaThread "Common-Cleaner"             daemon [_thread_blocked, id=22692, stack(0x000000f898a00000,0x000000f898b00000) (1024K)]
  0x000002333bf83b20 JavaThread "Reference Handler"          daemon [_thread_blocked, id=26884, stack(0x000000f898b00000,0x000000f898c00000) (1024K)]
  0x000002333bf84580 JavaThread "Finalizer"                  daemon [_thread_blocked, id=8432, stack(0x000000f898c00000,0x000000f898d00000) (1024K)]
  0x000002333bf85b30 JavaThread "Signal Dispatcher"          daemon [_thread_blocked, id=26292, stack(0x000000f898d00000,0x000000f898e00000) (1024K)]
  0x000002333bf86590 JavaThread "Attach Listener"            daemon [_thread_blocked, id=16004, stack(0x000000f898e00000,0x000000f898f00000) (1024K)]
  0x000002333bf875c0 JavaThread "Service Thread"             daemon [_thread_blocked, id=13104, stack(0x000000f898f00000,0x000000f899000000) (1024K)]
  0x000002333bf88020 JavaThread "Monitor Deflation Thread"   daemon [_thread_blocked, id=23648, stack(0x000000f899000000,0x000000f899100000) (1024K)]
  0x000002333bfb9410 JavaThread "C2 CompilerThread0"         daemon [_thread_in_native, id=8444, stack(0x000000f899100000,0x000000f899200000) (1024K)]
  0x000002333bf96750 JavaThread "C1 CompilerThread0"         daemon [_thread_in_native, id=22068, stack(0x000000f899200000,0x000000f899300000) (1024K)]
  0x000002333c3d25c0 JavaThread "Notification Thread"        daemon [_thread_blocked, id=3108, stack(0x000000f899300000,0x000000f899400000) (1024K)]
  0x0000023341cccfb0 JavaThread "Daemon health stats"               [_thread_blocked, id=13988, stack(0x000000f899b00000,0x000000f899c00000) (1024K)]
  0x0000023343349750 JavaThread "Incoming local TCP Connector on port 58732"        [_thread_in_native, id=5676, stack(0x000000f899c00000,0x000000f899d00000) (1024K)]
  0x0000023341dc2210 JavaThread "Daemon periodic checks"            [_thread_in_Java, id=10904, stack(0x000000f899d00000,0x000000f899e00000) (1024K)]
  0x0000023341cf9200 JavaThread "Daemon"                            [_thread_blocked, id=17452, stack(0x000000f899e00000,0x000000f899f00000) (1024K)]
  0x00000233430ccc40 JavaThread "Handler for socket connection from /127.0.0.1:58732 to /127.0.0.1:58733"        [_thread_in_native, id=21848, stack(0x000000f899f00000,0x000000f89a000000) (1024K)]
  0x00000233430d8f10 JavaThread "Cancel handler"                    [_thread_blocked, id=13848, stack(0x000000f89a500000,0x000000f89a600000) (1024K)]
  0x0000023342e05e50 JavaThread "Daemon worker"                     [_thread_in_native, id=23988, stack(0x000000f89a600000,0x000000f89a700000) (1024K)]
  0x0000023342e07890 JavaThread "Asynchronous log dispatcher for DefaultDaemonConnection: socket connection from /127.0.0.1:58732 to /127.0.0.1:58733"        [_thread_blocked, id=30420, stack(0x000000f89a700000,0x000000f89a800000) (1024K)]
  0x0000023342e064e0 JavaThread "Stdin handler"                     [_thread_blocked, id=12928, stack(0x000000f89a800000,0x000000f89a900000) (1024K)]
  0x0000023342e057c0 JavaThread "Daemon client event forwarder"        [_thread_blocked, id=11696, stack(0x000000f89a900000,0x000000f89aa00000) (1024K)]
  0x0000023342e07f20 JavaThread "Cache worker for journal cache (C:\Users\Anselmus\.gradle\caches\journal-1)"        [_thread_in_native, id=1740, stack(0x000000f899400000,0x000000f899500000) (1024K)]
  0x0000023342e085b0 JavaThread "File lock request listener"        [_thread_in_native, id=24216, stack(0x000000f89aa00000,0x000000f89ab00000) (1024K)]
  0x0000023342e05130 JavaThread "Cache worker for file hash cache (C:\Users\Anselmus\.gradle\caches\9.4.1\fileHashes)"        [_thread_blocked, id=22308, stack(0x000000f89ac00000,0x000000f89ad00000) (1024K)]
  0x0000023345db8810 JavaThread "Cache worker for file hash cache (C:\1. CODING\Semester 4 - Code\Software Engineer\.gradle\9.4.1\fileHashes)"        [_thread_blocked, id=16968, stack(0x000000f89ae00000,0x000000f89af00000) (1024K)]
  0x0000023345db5390 JavaThread "Cache worker for Build Output Cleanup Cache (C:\1. CODING\Semester 4 - Code\Software Engineer\.gradle\buildOutputCleanup)"        [_thread_blocked, id=21940, stack(0x000000f89af00000,0x000000f89b000000) (1024K)]
  0x0000023345db5a20 JavaThread "File watcher server"        daemon [_thread_in_native, id=22224, stack(0x000000f89b000000,0x000000f89b100000) (1024K)]
  0x0000023345db60b0 JavaThread "File watcher consumer"      daemon [_thread_blocked, id=11104, stack(0x000000f89b100000,0x000000f89b200000) (1024K)]
  0x0000023345db6dd0 JavaThread "jar transforms"                    [_thread_blocked, id=17792, stack(0x000000f89b200000,0x000000f89b300000) (1024K)]
  0x0000023345db7460 JavaThread "jar transforms Thread 2"           [_thread_blocked, id=17336, stack(0x000000f89b300000,0x000000f89b400000) (1024K)]
  0x0000023345db7af0 JavaThread "jar transforms Thread 3"           [_thread_blocked, id=13060, stack(0x000000f89b400000,0x000000f89b500000) (1024K)]
  0x0000023344477ba0 JavaThread "jar transforms Thread 4"           [_thread_blocked, id=28040, stack(0x000000f89b500000,0x000000f89b600000) (1024K)]
  0x0000023344478230 JavaThread "jar transforms Thread 5"           [_thread_blocked, id=11624, stack(0x000000f89b600000,0x000000f89b700000) (1024K)]
  0x0000023344476160 JavaThread "jar transforms Thread 6"           [_thread_blocked, id=26824, stack(0x000000f89b700000,0x000000f89b800000) (1024K)]
  0x00000233444767f0 JavaThread "jar transforms Thread 7"           [_thread_blocked, id=24804, stack(0x000000f89b800000,0x000000f89b900000) (1024K)]
  0x0000023344474db0 JavaThread "jar transforms Thread 8"           [_thread_blocked, id=4824, stack(0x000000f89b900000,0x000000f89ba00000) (1024K)]
  0x0000023344476e80 JavaThread "jar transforms Thread 9"           [_thread_blocked, id=22568, stack(0x000000f89ba00000,0x000000f89bb00000) (1024K)]
  0x0000023344477510 JavaThread "jar transforms Thread 10"          [_thread_blocked, id=28112, stack(0x000000f89bb00000,0x000000f89bc00000) (1024K)]
  0x00000233444788c0 JavaThread "jar transforms Thread 11"          [_thread_blocked, id=22136, stack(0x000000f89bc00000,0x000000f89bd00000) (1024K)]
  0x0000023344475440 JavaThread "jar transforms Thread 12"          [_thread_blocked, id=22060, stack(0x000000f89bd00000,0x000000f89be00000) (1024K)]
  0x0000023344478f50 JavaThread "Cache worker for file content cache (C:\Users\Anselmus\.gradle\caches\9.4.1\fileContent)"        [_thread_blocked, id=17940, stack(0x000000f89be00000,0x000000f89bf00000) (1024K)]
  0x0000023344475ad0 JavaThread "Cache worker for checksums cache (C:\1. CODING\Semester 4 - Code\Software Engineer\.gradle\9.4.1\checksums)"        [_thread_blocked, id=15188, stack(0x000000f89bf00000,0x000000f89c000000) (1024K)]
  0x000002334447bd40 JavaThread "Cache worker for cache directory md-supplier (C:\Users\Anselmus\.gradle\caches\9.4.1\md-supplier)"        [_thread_blocked, id=11312, stack(0x000000f89c000000,0x000000f89c100000) (1024K)]
  0x00000233444795e0 JavaThread "Cache worker for cache directory md-rule (C:\Users\Anselmus\.gradle\caches\9.4.1\md-rule)"        [_thread_blocked, id=28152, stack(0x000000f89c100000,0x000000f89c200000) (1024K)]
  0x000002334447a300 JavaThread "Build operations"                  [_thread_in_native, id=25356, stack(0x000000f89c200000,0x000000f89c300000) (1024K)]
  0x000002334447a990 JavaThread "Build operations Thread 2"         [_thread_blocked, id=25012, stack(0x000000f89c300000,0x000000f89c400000) (1024K)]
  0x000002334447b020 JavaThread "Build operations Thread 3"         [_thread_in_native, id=14684, stack(0x000000f89c400000,0x000000f89c500000) (1024K)]
  0x000002334447b6b0 JavaThread "Build operations Thread 4"         [_thread_blocked, id=23888, stack(0x000000f89c500000,0x000000f89c600000) (1024K)]
  0x000002334447c3d0 JavaThread "Build operations Thread 5"         [_thread_in_native, id=16424, stack(0x000000f89c600000,0x000000f89c700000) (1024K)]
  0x000002334518e2e0 JavaThread "Build operations Thread 6"         [_thread_blocked, id=26808, stack(0x000000f89c700000,0x000000f89c800000) (1024K)]
  0x000002334518dc50 JavaThread "Build operations Thread 7"         [_thread_in_Java, id=26620, stack(0x000000f89c800000,0x000000f89c900000) (1024K)]
  0x000002334518d5c0 JavaThread "Build operations Thread 8"         [_thread_blocked, id=20960, stack(0x000000f89c900000,0x000000f89ca00000) (1024K)]
  0x000002334518e970 JavaThread "Build operations Thread 9"         [_thread_in_native, id=30068, stack(0x000000f89ca00000,0x000000f89cb00000) (1024K)]
  0x000002334518f690 JavaThread "Build operations Thread 10"        [_thread_in_native, id=25816, stack(0x000000f89cb00000,0x000000f89cc00000) (1024K)]
  0x000002334518f000 JavaThread "Build operations Thread 11"        [_thread_in_native, id=25084, stack(0x000000f89cc00000,0x000000f89cd00000) (1024K)]
  0x000002334518fd20 JavaThread "Build operations Thread 12"        [_thread_in_native, id=5712, stack(0x000000f89cd00000,0x000000f89ce00000) (1024K)]
=>0x000002333c594830 JavaThread "C2 CompilerThread1"         daemon [_thread_in_native, id=9848, stack(0x000000f89ab00000,0x000000f89ac00000) (1024K)]
  0x000002333c594f00 JavaThread "C2 CompilerThread2"         daemon [_thread_in_native, id=31436, stack(0x000000f89ad00000,0x000000f89ae00000) (1024K)]
Total: 58

Other Threads:
  0x000002333bef6b70 VMThread "VM Thread"                           [id=4352, stack(0x000000f898900000,0x000000f898a00000) (1024K)]
  0x000002333be0ec60 WatcherThread "VM Periodic Task Thread"        [id=5328, stack(0x000000f898800000,0x000000f898900000) (1024K)]
  0x0000023324347a90 WorkerThread "GC Thread#0"                     [id=29432, stack(0x000000f898300000,0x000000f898400000) (1024K)]
  0x000002334152dc10 WorkerThread "GC Thread#1"                     [id=30504, stack(0x000000f899500000,0x000000f899600000) (1024K)]
  0x0000023341780380 WorkerThread "GC Thread#2"                     [id=30336, stack(0x000000f899600000,0x000000f899700000) (1024K)]
  0x0000023341780730 WorkerThread "GC Thread#3"                     [id=20644, stack(0x000000f899700000,0x000000f899800000) (1024K)]
  0x0000023341780ae0 WorkerThread "GC Thread#4"                     [id=13916, stack(0x000000f899800000,0x000000f899900000) (1024K)]
  0x0000023341614bf0 WorkerThread "GC Thread#5"                     [id=30020, stack(0x000000f899900000,0x000000f899a00000) (1024K)]
  0x00000233414d77f0 WorkerThread "GC Thread#6"                     [id=8340, stack(0x000000f899a00000,0x000000f899b00000) (1024K)]
  0x00000233427df240 WorkerThread "GC Thread#7"                     [id=5624, stack(0x000000f89a000000,0x000000f89a100000) (1024K)]
  0x00000233427df5f0 WorkerThread "GC Thread#8"                     [id=25812, stack(0x000000f89a100000,0x000000f89a200000) (1024K)]
  0x00000233427df9a0 WorkerThread "GC Thread#9"                     [id=31272, stack(0x000000f89a200000,0x000000f89a300000) (1024K)]
  0x0000023321efea00 ConcurrentGCThread "G1 Main Marker"            [id=29164, stack(0x000000f898400000,0x000000f898500000) (1024K)]
  0x0000023324359a10 WorkerThread "G1 Conc#0"                       [id=22048, stack(0x000000f898500000,0x000000f898600000) (1024K)]
  0x00000233427dfd50 WorkerThread "G1 Conc#1"                       [id=4124, stack(0x000000f89a300000,0x000000f89a400000) (1024K)]
  0x00000233427de380 WorkerThread "G1 Conc#2"                       [id=17184, stack(0x000000f89a400000,0x000000f89a500000) (1024K)]
  0x000002333bd52f20 ConcurrentGCThread "G1 Refine#0"               [id=5692, stack(0x000000f898600000,0x000000f898700000) (1024K)]
  0x000002333bd54760 ConcurrentGCThread "G1 Service"                [id=23348, stack(0x000000f898700000,0x000000f898800000) (1024K)]
Total: 18

Threads with active compile tasks:
C2 CompilerThread0  11734 8980       4       org.gradle.cache.internal.btree.BTreePersistentIndexedCache$IndexBlock::find (140 bytes)
C1 CompilerThread0  11734 9165       2       org.gradle.internal.component.external.model.DefaultModuleComponentArtifactIdentifier::getFileName (144 bytes)
C2 CompilerThread1  11734 8851       4       org.gradle.cache.internal.btree.CachingBlockStore::read (56 bytes)
C2 CompilerThread2  11734 8872       4       org.gradle.cache.internal.btree.FreeListBlockStore::read (12 bytes)
Total: 4

VM state: not at safepoint (normal execution)

VM Mutex/Monitor currently owned by a thread: None

Heap address: 0x0000000080000000, size: 2048 MB, Compressed Oops mode: 32-bit

CDS archive(s) not mapped
Compressed class space mapped at: 0x0000000100000000-0x0000000140000000, reserved size: 1073741824
Narrow klass base: 0x0000000000000000, Narrow klass shift: 3, Narrow klass range: 0x140000000

GC Precious Log:
 CardTable entry size: 512
 Card Set container configuration: InlinePtr #cards 5 size 8 Array Of Cards #cards 12 size 40 Howl #buckets 4 coarsen threshold 1843 Howl Bitmap #cards 512 size 80 coarsen threshold 460 Card regions per heap region 1 cards per card region 2048
 CPUs: 12 total, 12 available
 Memory: 20332M
 Large Page Support: Disabled
 NUMA Support: Disabled
 Compressed Oops: Enabled (32-bit)
 Heap Region Size: 1M
 Heap Min Capacity: 8M
 Heap Initial Capacity: 318M
 Heap Max Capacity: 2G
 Pre-touch: Disabled
 Parallel Workers: 10
 Concurrent Workers: 3
 Concurrent Refinement Workers: 10
 Periodic GC: Disabled

Heap:
 garbage-first heap   total 147456K, used 84464K [0x0000000080000000, 0x0000000100000000)
  region size 1024K, 9 young (9216K), 6 survivors (6144K)
 Metaspace       used 80729K, committed 82688K, reserved 1179648K
  class space    used 11418K, committed 12352K, reserved 1048576K

Heap Regions: E=young(eden), S=young(survivor), O=old, HS=humongous(starts), HC=humongous(continues), CS=collection set, F=free, TAMS=top-at-mark-start, PB=parsable bottom
|   0|0x0000000080000000, 0x0000000080100000, 0x0000000080100000|100%|HS|  |TAMS 0x0000000080100000| PB 0x0000000080000000| Complete 
|   1|0x0000000080100000, 0x0000000080200000, 0x0000000080200000|100%|HC|  |TAMS 0x0000000080200000| PB 0x0000000080100000| Complete 
|   2|0x0000000080200000, 0x0000000080300000, 0x0000000080300000|100%|HC|  |TAMS 0x0000000080300000| PB 0x0000000080200000| Complete 
|   3|0x0000000080300000, 0x0000000080400000, 0x0000000080400000|100%|HC|  |TAMS 0x0000000080400000| PB 0x0000000080300000| Complete 
|   4|0x0000000080400000, 0x0000000080500000, 0x0000000080500000|100%| O|  |TAMS 0x0000000080500000| PB 0x0000000080400000| Untracked 
|   5|0x0000000080500000, 0x0000000080600000, 0x0000000080600000|100%| O|  |TAMS 0x0000000080600000| PB 0x0000000080500000| Untracked 
|   6|0x0000000080600000, 0x0000000080700000, 0x0000000080700000|100%| O|  |TAMS 0x0000000080700000| PB 0x0000000080600000| Untracked 
|   7|0x0000000080700000, 0x0000000080800000, 0x0000000080800000|100%| O|  |TAMS 0x0000000080800000| PB 0x0000000080700000| Untracked 
|   8|0x0000000080800000, 0x0000000080900000, 0x0000000080900000|100%| O|  |TAMS 0x0000000080900000| PB 0x0000000080800000| Untracked 
|   9|0x0000000080900000, 0x0000000080a00000, 0x0000000080a00000|100%| O|  |TAMS 0x0000000080a00000| PB 0x0000000080900000| Untracked 
|  10|0x0000000080a00000, 0x0000000080b00000, 0x0000000080b00000|100%| O|  |TAMS 0x0000000080b00000| PB 0x0000000080a00000| Untracked 
|  11|0x0000000080b00000, 0x0000000080c00000, 0x0000000080c00000|100%|HS|  |TAMS 0x0000000080c00000| PB 0x0000000080b00000| Complete 
|  12|0x0000000080c00000, 0x0000000080d00000, 0x0000000080d00000|100%| O|  |TAMS 0x0000000080d00000| PB 0x0000000080c00000| Untracked 
|  13|0x0000000080d00000, 0x0000000080e00000, 0x0000000080e00000|100%| O|  |TAMS 0x0000000080e00000| PB 0x0000000080d00000| Untracked 
|  14|0x0000000080e00000, 0x0000000080f00000, 0x0000000080f00000|100%| O|  |TAMS 0x0000000080f00000| PB 0x0000000080e00000| Untracked 
|  15|0x0000000080f00000, 0x0000000081000000, 0x0000000081000000|100%| O|  |TAMS 0x0000000081000000| PB 0x0000000080f00000| Untracked 
|  16|0x0000000081000000, 0x0000000081100000, 0x0000000081100000|100%| O|  |TAMS 0x0000000081000000| PB 0x0000000081000000| Untracked 
|  17|0x0000000081100000, 0x0000000081200000, 0x0000000081200000|100%| O|  |TAMS 0x0000000081200000| PB 0x0000000081100000| Untracked 
|  18|0x0000000081200000, 0x0000000081300000, 0x0000000081300000|100%| O|  |TAMS 0x0000000081300000| PB 0x0000000081200000| Untracked 
|  19|0x0000000081300000, 0x0000000081400000, 0x0000000081400000|100%| O|  |TAMS 0x0000000081400000| PB 0x0000000081300000| Untracked 
|  20|0x0000000081400000, 0x0000000081500000, 0x0000000081500000|100%| O|  |TAMS 0x0000000081500000| PB 0x0000000081400000| Untracked 
|  21|0x0000000081500000, 0x0000000081600000, 0x0000000081600000|100%| O|  |TAMS 0x0000000081600000| PB 0x0000000081500000| Untracked 
|  22|0x0000000081600000, 0x0000000081700000, 0x0000000081700000|100%| O|  |TAMS 0x0000000081700000| PB 0x0000000081600000| Untracked 
|  23|0x0000000081700000, 0x0000000081800000, 0x0000000081800000|100%|HS|  |TAMS 0x0000000081800000| PB 0x0000000081700000| Complete 
|  24|0x0000000081800000, 0x0000000081900000, 0x0000000081900000|100%|HC|  |TAMS 0x0000000081900000| PB 0x0000000081800000| Complete 
|  25|0x0000000081900000, 0x0000000081a00000, 0x0000000081a00000|100%|HC|  |TAMS 0x0000000081a00000| PB 0x0000000081900000| Complete 
|  26|0x0000000081a00000, 0x0000000081b00000, 0x0000000081b00000|100%|HC|  |TAMS 0x0000000081b00000| PB 0x0000000081a00000| Complete 
|  27|0x0000000081b00000, 0x0000000081c00000, 0x0000000081c00000|100%|HC|  |TAMS 0x0000000081c00000| PB 0x0000000081b00000| Complete 
|  28|0x0000000081c00000, 0x0000000081d00000, 0x0000000081d00000|100%|HC|  |TAMS 0x0000000081d00000| PB 0x0000000081c00000| Complete 
|  29|0x0000000081d00000, 0x0000000081e00000, 0x0000000081e00000|100%|HS|  |TAMS 0x0000000081e00000| PB 0x0000000081d00000| Complete 
|  30|0x0000000081e00000, 0x0000000081f00000, 0x0000000081f00000|100%|HC|  |TAMS 0x0000000081f00000| PB 0x0000000081e00000| Complete 
|  31|0x0000000081f00000, 0x0000000082000000, 0x0000000082000000|100%|HS|  |TAMS 0x0000000082000000| PB 0x0000000081f00000| Complete 
|  32|0x0000000082000000, 0x0000000082100000, 0x0000000082100000|100%|HS|  |TAMS 0x0000000082100000| PB 0x0000000082000000| Complete 
|  33|0x0000000082100000, 0x0000000082200000, 0x0000000082200000|100%|HC|  |TAMS 0x0000000082200000| PB 0x0000000082100000| Complete 
|  34|0x0000000082200000, 0x0000000082300000, 0x0000000082300000|100%|HC|  |TAMS 0x0000000082300000| PB 0x0000000082200000| Complete 
|  35|0x0000000082300000, 0x0000000082400000, 0x0000000082400000|100%|HC|  |TAMS 0x0000000082400000| PB 0x0000000082300000| Complete 
|  36|0x0000000082400000, 0x0000000082500000, 0x0000000082500000|100%|HC|  |TAMS 0x0000000082500000| PB 0x0000000082400000| Complete 
|  37|0x0000000082500000, 0x0000000082600000, 0x0000000082600000|100%|HC|  |TAMS 0x0000000082600000| PB 0x0000000082500000| Complete 
|  38|0x0000000082600000, 0x0000000082700000, 0x0000000082700000|100%|HS|  |TAMS 0x0000000082700000| PB 0x0000000082600000| Complete 
|  39|0x0000000082700000, 0x0000000082800000, 0x0000000082800000|100%|HC|  |TAMS 0x0000000082800000| PB 0x0000000082700000| Complete 
|  40|0x0000000082800000, 0x0000000082900000, 0x0000000082900000|100%|HS|  |TAMS 0x0000000082900000| PB 0x0000000082800000| Complete 
|  41|0x0000000082900000, 0x0000000082a00000, 0x0000000082a00000|100%| O|  |TAMS 0x0000000082a00000| PB 0x0000000082900000| Untracked 
|  42|0x0000000082a00000, 0x0000000082b00000, 0x0000000082b00000|100%| O|  |TAMS 0x0000000082b00000| PB 0x0000000082a00000| Untracked 
|  43|0x0000000082b00000, 0x0000000082c00000, 0x0000000082c00000|100%| O|  |TAMS 0x0000000082c00000| PB 0x0000000082b00000| Untracked 
|  44|0x0000000082c00000, 0x0000000082d00000, 0x0000000082d00000|100%| O|  |TAMS 0x0000000082d00000| PB 0x0000000082c00000| Untracked 
|  45|0x0000000082d00000, 0x0000000082e00000, 0x0000000082e00000|100%| O|  |TAMS 0x0000000082e00000| PB 0x0000000082d00000| Untracked 
|  46|0x0000000082e00000, 0x0000000082f00000, 0x0000000082f00000|100%| O|  |TAMS 0x0000000082f00000| PB 0x0000000082e00000| Untracked 
|  47|0x0000000082f00000, 0x0000000083000000, 0x0000000083000000|100%| O|  |TAMS 0x0000000082f00000| PB 0x0000000082f00000| Untracked 
|  48|0x0000000083000000, 0x0000000083100000, 0x0000000083100000|100%| O|  |TAMS 0x0000000083100000| PB 0x0000000083000000| Untracked 
|  49|0x0000000083100000, 0x0000000083200000, 0x0000000083200000|100%| O|  |TAMS 0x0000000083200000| PB 0x0000000083100000| Untracked 
|  50|0x0000000083200000, 0x0000000083300000, 0x0000000083300000|100%| O|  |TAMS 0x0000000083300000| PB 0x0000000083200000| Untracked 
|  51|0x0000000083300000, 0x0000000083400000, 0x0000000083400000|100%| O|  |TAMS 0x0000000083400000| PB 0x0000000083300000| Untracked 
|  52|0x0000000083400000, 0x0000000083500000, 0x0000000083500000|100%| O|  |TAMS 0x0000000083500000| PB 0x0000000083400000| Untracked 
|  53|0x0000000083500000, 0x0000000083600000, 0x0000000083600000|100%| O|  |TAMS 0x0000000083600000| PB 0x0000000083500000| Untracked 
|  54|0x0000000083600000, 0x0000000083700000, 0x0000000083700000|100%|HS|  |TAMS 0x0000000083700000| PB 0x0000000083600000| Complete 
|  55|0x0000000083700000, 0x0000000083800000, 0x0000000083800000|100%|HC|  |TAMS 0x0000000083800000| PB 0x0000000083700000| Complete 
|  56|0x0000000083800000, 0x0000000083900000, 0x0000000083900000|100%| O|  |TAMS 0x0000000083900000| PB 0x0000000083800000| Untracked 
|  57|0x0000000083900000, 0x0000000083a00000, 0x0000000083a00000|100%| O|  |TAMS 0x0000000083a00000| PB 0x0000000083900000| Untracked 
|  58|0x0000000083a00000, 0x0000000083b00000, 0x0000000083b00000|100%| O|  |TAMS 0x0000000083b00000| PB 0x0000000083a00000| Untracked 
|  59|0x0000000083b00000, 0x0000000083c00000, 0x0000000083c00000|100%| O|  |TAMS 0x0000000083c00000| PB 0x0000000083b00000| Untracked 
|  60|0x0000000083c00000, 0x0000000083d00000, 0x0000000083d00000|100%| O|  |TAMS 0x0000000083d00000| PB 0x0000000083c00000| Untracked 
|  61|0x0000000083d00000, 0x0000000083e00000, 0x0000000083e00000|100%| O|  |TAMS 0x0000000083e00000| PB 0x0000000083d00000| Untracked 
|  62|0x0000000083e00000, 0x0000000083f00000, 0x0000000083f00000|100%| O|  |TAMS 0x0000000083f00000| PB 0x0000000083e00000| Untracked 
|  63|0x0000000083f00000, 0x0000000084000000, 0x0000000084000000|100%| O|  |TAMS 0x0000000084000000| PB 0x0000000083f00000| Untracked 
|  64|0x0000000084000000, 0x0000000084100000, 0x0000000084100000|100%| O|  |TAMS 0x0000000084100000| PB 0x0000000084000000| Untracked 
|  65|0x0000000084100000, 0x0000000084200000, 0x0000000084200000|100%| O|  |TAMS 0x0000000084200000| PB 0x0000000084100000| Untracked 
|  66|0x0000000084200000, 0x0000000084300000, 0x0000000084300000|100%| O|  |TAMS 0x0000000084300000| PB 0x0000000084200000| Untracked 
|  67|0x0000000084300000, 0x0000000084400000, 0x0000000084400000|100%| O|  |TAMS 0x0000000084400000| PB 0x0000000084300000| Untracked 
|  68|0x0000000084400000, 0x0000000084500000, 0x0000000084500000|100%| O|  |TAMS 0x0000000084500000| PB 0x0000000084400000| Untracked 
|  69|0x0000000084500000, 0x0000000084600000, 0x0000000084600000|100%| O|  |TAMS 0x0000000084600000| PB 0x0000000084500000| Untracked 
|  70|0x0000000084600000, 0x0000000084700000, 0x0000000084700000|100%| O|  |TAMS 0x000000008461b358| PB 0x0000000084600000| Untracked 
|  71|0x0000000084700000, 0x000000008475d180, 0x0000000084800000| 36%| O|  |TAMS 0x0000000084700000| PB 0x0000000084700000| Untracked 
|  72|0x0000000084800000, 0x0000000084800000, 0x0000000084900000|  0%| F|  |TAMS 0x0000000084800000| PB 0x0000000084800000| Untracked 
|  73|0x0000000084900000, 0x0000000084900000, 0x0000000084a00000|  0%| F|  |TAMS 0x0000000084900000| PB 0x0000000084900000| Untracked 
|  74|0x0000000084a00000, 0x0000000084a00000, 0x0000000084b00000|  0%| F|  |TAMS 0x0000000084a00000| PB 0x0000000084a00000| Untracked 
|  75|0x0000000084b00000, 0x0000000084b00000, 0x0000000084c00000|  0%| F|  |TAMS 0x0000000084b00000| PB 0x0000000084b00000| Untracked 
|  76|0x0000000084c00000, 0x0000000084c00000, 0x0000000084d00000|  0%| F|  |TAMS 0x0000000084c00000| PB 0x0000000084c00000| Untracked 
|  77|0x0000000084d00000, 0x0000000084d00000, 0x0000000084e00000|  0%| F|  |TAMS 0x0000000084d00000| PB 0x0000000084d00000| Untracked 
|  78|0x0000000084e00000, 0x0000000084e00000, 0x0000000084f00000|  0%| F|  |TAMS 0x0000000084e00000| PB 0x0000000084e00000| Untracked 
|  79|0x0000000084f00000, 0x0000000084f1f0e8, 0x0000000085000000| 12%| S|CS|TAMS 0x0000000084f00000| PB 0x0000000084f00000| Complete 
|  80|0x0000000085000000, 0x0000000085100000, 0x0000000085100000|100%| S|CS|TAMS 0x0000000085000000| PB 0x0000000085000000| Complete 
|  81|0x0000000085100000, 0x0000000085200000, 0x0000000085200000|100%| S|CS|TAMS 0x0000000085100000| PB 0x0000000085100000| Complete 
|  82|0x0000000085200000, 0x0000000085300000, 0x0000000085300000|100%| S|CS|TAMS 0x0000000085200000| PB 0x0000000085200000| Complete 
|  83|0x0000000085300000, 0x0000000085400000, 0x0000000085400000|100%| S|CS|TAMS 0x0000000085300000| PB 0x0000000085300000| Complete 
|  84|0x0000000085400000, 0x0000000085400000, 0x0000000085500000|  0%| F|  |TAMS 0x0000000085400000| PB 0x0000000085400000| Untracked 
|  85|0x0000000085500000, 0x0000000085500000, 0x0000000085600000|  0%| F|  |TAMS 0x0000000085500000| PB 0x0000000085500000| Untracked 
|  86|0x0000000085600000, 0x0000000085600000, 0x0000000085700000|  0%| F|  |TAMS 0x0000000085600000| PB 0x0000000085600000| Untracked 
|  87|0x0000000085700000, 0x0000000085700000, 0x0000000085800000|  0%| F|  |TAMS 0x0000000085700000| PB 0x0000000085700000| Untracked 
|  88|0x0000000085800000, 0x0000000085900000, 0x0000000085900000|100%| S|CS|TAMS 0x0000000085800000| PB 0x0000000085800000| Complete 
|  89|0x0000000085900000, 0x0000000085900000, 0x0000000085a00000|  0%| F|  |TAMS 0x0000000085900000| PB 0x0000000085900000| Untracked 
|  90|0x0000000085a00000, 0x0000000085a00000, 0x0000000085b00000|  0%| F|  |TAMS 0x0000000085a00000| PB 0x0000000085a00000| Untracked 
|  91|0x0000000085b00000, 0x0000000085b00000, 0x0000000085c00000|  0%| F|  |TAMS 0x0000000085b00000| PB 0x0000000085b00000| Untracked 
|  92|0x0000000085c00000, 0x0000000085c00000, 0x0000000085d00000|  0%| F|  |TAMS 0x0000000085c00000| PB 0x0000000085c00000| Untracked 
|  93|0x0000000085d00000, 0x0000000085d00000, 0x0000000085e00000|  0%| F|  |TAMS 0x0000000085d00000| PB 0x0000000085d00000| Untracked 
|  94|0x0000000085e00000, 0x0000000085e00000, 0x0000000085f00000|  0%| F|  |TAMS 0x0000000085e00000| PB 0x0000000085e00000| Untracked 
|  95|0x0000000085f00000, 0x0000000085f00000, 0x0000000086000000|  0%| F|  |TAMS 0x0000000085f00000| PB 0x0000000085f00000| Untracked 
|  96|0x0000000086000000, 0x0000000086000000, 0x0000000086100000|  0%| F|  |TAMS 0x0000000086000000| PB 0x0000000086000000| Untracked 
|  97|0x0000000086100000, 0x0000000086100000, 0x0000000086200000|  0%| F|  |TAMS 0x0000000086100000| PB 0x0000000086100000| Untracked 
|  98|0x0000000086200000, 0x0000000086200000, 0x0000000086300000|  0%| F|  |TAMS 0x0000000086200000| PB 0x0000000086200000| Untracked 
|  99|0x0000000086300000, 0x0000000086300000, 0x0000000086400000|  0%| F|  |TAMS 0x0000000086300000| PB 0x0000000086300000| Untracked 
| 100|0x0000000086400000, 0x0000000086400000, 0x0000000086500000|  0%| F|  |TAMS 0x0000000086400000| PB 0x0000000086400000| Untracked 
| 101|0x0000000086500000, 0x0000000086500000, 0x0000000086600000|  0%| F|  |TAMS 0x0000000086500000| PB 0x0000000086500000| Untracked 
| 102|0x0000000086600000, 0x0000000086600000, 0x0000000086700000|  0%| F|  |TAMS 0x0000000086600000| PB 0x0000000086600000| Untracked 
| 103|0x0000000086700000, 0x0000000086700000, 0x0000000086800000|  0%| F|  |TAMS 0x0000000086700000| PB 0x0000000086700000| Untracked 
| 104|0x0000000086800000, 0x0000000086800000, 0x0000000086900000|  0%| F|  |TAMS 0x0000000086800000| PB 0x0000000086800000| Untracked 
| 105|0x0000000086900000, 0x0000000086900000, 0x0000000086a00000|  0%| F|  |TAMS 0x0000000086900000| PB 0x0000000086900000| Untracked 
| 106|0x0000000086a00000, 0x0000000086a00000, 0x0000000086b00000|  0%| F|  |TAMS 0x0000000086a00000| PB 0x0000000086a00000| Untracked 
| 107|0x0000000086b00000, 0x0000000086b00000, 0x0000000086c00000|  0%| F|  |TAMS 0x0000000086b00000| PB 0x0000000086b00000| Untracked 
| 108|0x0000000086c00000, 0x0000000086c00000, 0x0000000086d00000|  0%| F|  |TAMS 0x0000000086c00000| PB 0x0000000086c00000| Untracked 
| 109|0x0000000086d00000, 0x0000000086d00000, 0x0000000086e00000|  0%| F|  |TAMS 0x0000000086d00000| PB 0x0000000086d00000| Untracked 
| 110|0x0000000086e00000, 0x0000000086e00000, 0x0000000086f00000|  0%| F|  |TAMS 0x0000000086e00000| PB 0x0000000086e00000| Untracked 
| 111|0x0000000086f00000, 0x0000000086f00000, 0x0000000087000000|  0%| F|  |TAMS 0x0000000086f00000| PB 0x0000000086f00000| Untracked 
| 112|0x0000000087000000, 0x0000000087000000, 0x0000000087100000|  0%| F|  |TAMS 0x0000000087000000| PB 0x0000000087000000| Untracked 
| 113|0x0000000087100000, 0x0000000087100000, 0x0000000087200000|  0%| F|  |TAMS 0x0000000087100000| PB 0x0000000087100000| Untracked 
| 114|0x0000000087200000, 0x0000000087200000, 0x0000000087300000|  0%| F|  |TAMS 0x0000000087200000| PB 0x0000000087200000| Untracked 
| 115|0x0000000087300000, 0x0000000087300000, 0x0000000087400000|  0%| F|  |TAMS 0x0000000087300000| PB 0x0000000087300000| Untracked 
| 116|0x0000000087400000, 0x0000000087400000, 0x0000000087500000|  0%| F|  |TAMS 0x0000000087400000| PB 0x0000000087400000| Untracked 
| 117|0x0000000087500000, 0x0000000087500000, 0x0000000087600000|  0%| F|  |TAMS 0x0000000087500000| PB 0x0000000087500000| Untracked 
| 118|0x0000000087600000, 0x0000000087600000, 0x0000000087700000|  0%| F|  |TAMS 0x0000000087600000| PB 0x0000000087600000| Untracked 
| 119|0x0000000087700000, 0x0000000087700000, 0x0000000087800000|  0%| F|  |TAMS 0x0000000087700000| PB 0x0000000087700000| Untracked 
| 120|0x0000000087800000, 0x0000000087800000, 0x0000000087900000|  0%| F|  |TAMS 0x0000000087800000| PB 0x0000000087800000| Untracked 
| 121|0x0000000087900000, 0x0000000087900000, 0x0000000087a00000|  0%| F|  |TAMS 0x0000000087900000| PB 0x0000000087900000| Untracked 
| 122|0x0000000087a00000, 0x0000000087a00000, 0x0000000087b00000|  0%| F|  |TAMS 0x0000000087a00000| PB 0x0000000087a00000| Untracked 
| 123|0x0000000087b00000, 0x0000000087b00000, 0x0000000087c00000|  0%| F|  |TAMS 0x0000000087b00000| PB 0x0000000087b00000| Untracked 
| 124|0x0000000087c00000, 0x0000000087c00000, 0x0000000087d00000|  0%| F|  |TAMS 0x0000000087c00000| PB 0x0000000087c00000| Untracked 
| 125|0x0000000087d00000, 0x0000000087d00000, 0x0000000087e00000|  0%| F|  |TAMS 0x0000000087d00000| PB 0x0000000087d00000| Untracked 
| 126|0x0000000087e00000, 0x0000000087e00000, 0x0000000087f00000|  0%| F|  |TAMS 0x0000000087e00000| PB 0x0000000087e00000| Untracked 
| 127|0x0000000087f00000, 0x0000000087f00000, 0x0000000088000000|  0%| F|  |TAMS 0x0000000087f00000| PB 0x0000000087f00000| Untracked 
| 128|0x0000000088000000, 0x0000000088000000, 0x0000000088100000|  0%| F|  |TAMS 0x0000000088000000| PB 0x0000000088000000| Untracked 
| 255|0x000000008ff00000, 0x000000008ff00000, 0x0000000090000000|  0%| F|  |TAMS 0x000000008ff00000| PB 0x000000008ff00000| Untracked 
| 256|0x0000000090000000, 0x0000000090000000, 0x0000000090100000|  0%| F|  |TAMS 0x0000000090000000| PB 0x0000000090000000| Untracked 
| 257|0x0000000090100000, 0x0000000090100000, 0x0000000090200000|  0%| F|  |TAMS 0x0000000090100000| PB 0x0000000090100000| Untracked 
| 258|0x0000000090200000, 0x0000000090200000, 0x0000000090300000|  0%| F|  |TAMS 0x0000000090200000| PB 0x0000000090200000| Untracked 
| 259|0x0000000090300000, 0x0000000090300000, 0x0000000090400000|  0%| F|  |TAMS 0x0000000090300000| PB 0x0000000090300000| Untracked 
| 260|0x0000000090400000, 0x0000000090400000, 0x0000000090500000|  0%| F|  |TAMS 0x0000000090400000| PB 0x0000000090400000| Untracked 
| 261|0x0000000090500000, 0x0000000090500000, 0x0000000090600000|  0%| F|  |TAMS 0x0000000090500000| PB 0x0000000090500000| Untracked 
| 262|0x0000000090600000, 0x00000000906c4818, 0x0000000090700000| 76%| E|  |TAMS 0x0000000090600000| PB 0x0000000090600000| Complete 
| 263|0x0000000090700000, 0x0000000090800000, 0x0000000090800000|100%| E|CS|TAMS 0x0000000090700000| PB 0x0000000090700000| Complete 
| 317|0x0000000093d00000, 0x0000000093e00000, 0x0000000093e00000|100%| E|CS|TAMS 0x0000000093d00000| PB 0x0000000093d00000| Complete 
|2043|0x00000000ffb00000, 0x00000000ffc00000, 0x00000000ffc00000|100%| O|  |TAMS 0x00000000ffc00000| PB 0x00000000ffb00000| Untracked 
|2044|0x00000000ffc00000, 0x00000000ffd00000, 0x00000000ffd00000|100%| O|  |TAMS 0x00000000ffd00000| PB 0x00000000ffc00000| Untracked 
|2045|0x00000000ffd00000, 0x00000000ffe00000, 0x00000000ffe00000|100%| O|  |TAMS 0x00000000ffe00000| PB 0x00000000ffd00000| Untracked 
|2046|0x00000000ffe00000, 0x00000000fff00000, 0x00000000fff00000|100%| E|CS|TAMS 0x00000000ffe00000| PB 0x00000000ffe00000| Complete 
|2047|0x00000000fff00000, 0x0000000100000000, 0x0000000100000000|100%| O|  |TAMS 0x0000000100000000| PB 0x00000000fff00000| Untracked 

Card table byte_map: [0x0000023336da0000,0x00000233371a0000] _byte_map_base: 0x00000233369a0000

Marking Bits: (CMBitMap*) 0x0000023321efe0c0
 Bits: [0x00000233371a0000, 0x00000233391a0000)

Polling page: 0x0000023322350000

Metaspace:

Usage:
  Non-class:     67.69 MB used.
      Class:     11.15 MB used.
       Both:     78.84 MB used.

Virtual space:
  Non-class space:      128.00 MB reserved,      68.69 MB ( 54%) committed,  2 nodes.
      Class space:        1.00 GB reserved,      12.06 MB (  1%) committed,  1 nodes.
             Both:        1.12 GB reserved,      80.75 MB (  7%) committed. 

Chunk freelists:
   Non-Class:  11.28 MB
       Class:  3.92 MB
        Both:  15.20 MB

MaxMetaspaceSize: unlimited
CompressedClassSpaceSize: 1.00 GB
Initial GC threshold: 21.00 MB
Current GC threshold: 123.88 MB
CDS: off
 - commit_granule_bytes: 65536.
 - commit_granule_words: 8192.
 - virtual_space_node_default_size: 8388608.
 - enlarge_chunks_in_place: 1.
 - use_allocation_guard: 0.


Internal statistics:

num_allocs_failed_limit: 9.
num_arena_births: 3704.
num_arena_deaths: 0.
num_vsnodes_births: 3.
num_vsnodes_deaths: 0.
num_space_committed: 1292.
num_space_uncommitted: 0.
num_chunks_returned_to_freelist: 9.
num_chunks_taken_from_freelist: 7053.
num_chunk_merges: 6.
num_chunk_splits: 4512.
num_chunks_enlarged: 2717.
num_inconsistent_stats: 0.

CodeHeap 'non-profiled nmethods': size=120000Kb used=4261Kb max_used=4261Kb free=115738Kb
 bounds [0x000002332ef20000, 0x000002332f350000, 0x0000023336450000]
CodeHeap 'profiled nmethods': size=120000Kb used=15474Kb max_used=15474Kb free=104525Kb
 bounds [0x0000023327450000, 0x0000023328370000, 0x000002332e980000]
CodeHeap 'non-nmethods': size=5760Kb used=1964Kb max_used=1994Kb free=3795Kb
 bounds [0x000002332e980000, 0x000002332ebf0000, 0x000002332ef20000]
CodeCache: size=245760Kb, used=21699Kb, max_used=21729Kb, free=224058Kb
 total_blobs=9023, nmethods=8178, adapters=747, full_count=0
Compilation: enabled, stopped_count=0, restarted_count=0

Compilation events (20 events):
Event: 9.689 Thread 0x000002333bf96750 9136   !   3       java.io.BufferedReader::close (63 bytes)
Event: 9.690 Thread 0x000002333bf96750 nmethod 9136 0x0000023328359990 code [0x0000023328359c20, 0x000002332835a9d0]
Event: 9.690 Thread 0x000002333bf96750 9137       3       sun.nio.cs.StreamDecoder::forInputStreamReader (11 bytes)
Event: 9.690 Thread 0x000002333bf96750 nmethod 9137 0x000002332835ae90 code [0x000002332835b040, 0x000002332835b1d8]
Event: 9.691 Thread 0x000002333bf96750 9138       3       org.gradle.internal.execution.steps.ExecuteWorkBuildOperationFiringStep$$Lambda/0x0000000100891d28::<init> (10 bytes)
Event: 9.691 Thread 0x000002333bf96750 nmethod 9138 0x000002332835b290 code [0x000002332835b440, 0x000002332835b5f8]
Event: 9.691 Thread 0x000002333bf96750 9139       3       org.gradle.api.internal.artifacts.transform.TransformExecutionResultSerializer::<init> (5 bytes)
Event: 9.691 Thread 0x000002333bf96750 nmethod 9139 0x000002332835b690 code [0x000002332835b840, 0x000002332835b9a8]
Event: 9.691 Thread 0x000002333bf96750 9140       3       java.nio.file.Files::newByteChannel (36 bytes)
Event: 9.692 Thread 0x000002333bf96750 nmethod 9140 0x000002332835ba90 code [0x000002332835bce0, 0x000002332835c530]
Event: 9.692 Thread 0x000002333bf96750 9141       3       org.gradle.api.internal.artifacts.transform.AbstractTransformExecution::loadAlreadyProducedOutput (24 bytes)
Event: 9.692 Thread 0x000002333bf96750 nmethod 9141 0x000002332835c910 code [0x000002332835cb20, 0x000002332835d048]
Event: 9.694 Thread 0x000002333bf96750 9142       3       org.gradle.api.internal.artifacts.transform.TransformExecutionResult$Builder$ProducedOutputOnlyResult::resolveForWorkspace (54 bytes)
Event: 9.695 Thread 0x000002333bf96750 nmethod 9142 0x000002332835d290 code [0x000002332835d5e0, 0x000002332835ec08]
Event: 9.695 Thread 0x000002333bf96750 9143       3       org.gradle.api.internal.artifacts.transform.TransformExecutionResult$Builder$ProducedOutputOnlyResult$$Lambda/0x0000000100899890::<init> (10 bytes)
Event: 9.695 Thread 0x000002333bf96750 nmethod 9143 0x000002332835f310 code [0x000002332835f4c0, 0x000002332835f678]
Event: 9.719 Thread 0x000002333bf96750 9144       3       org.gradle.internal.watch.vfs.impl.WatchingVirtualFileSystem$$Lambda/0x00000001005a5fc8::get (12 bytes)
Event: 9.719 Thread 0x000002333bf96750 nmethod 9144 0x000002332835f710 code [0x000002332835f8c0, 0x000002332835faf8]
Event: 9.719 Thread 0x000002333bf96750 9145       3       org.gradle.internal.watch.vfs.impl.WatchingVirtualFileSystem::lambda$withWatcherChangeErrorHandling$9 (8 bytes)
Event: 10.698 Thread 0x000002333bf96750 nmethod 9145 0x000002332835fc10 code [0x000002332835fdc0, 0x000002332835ff70]

GC Heap History (20 events):
Event: 4.173 GC heap before
{Heap before GC invocations=9 (full 0):
 garbage-first heap   total 95232K, used 80955K [0x0000000080000000, 0x0000000100000000)
  region size 1024K, 34 young (34816K), 6 survivors (6144K)
 Metaspace       used 43445K, committed 44480K, reserved 1114112K
  class space    used 6015K, committed 6528K, reserved 1048576K
}
Event: 4.176 GC heap after
{Heap after GC invocations=10 (full 0):
 garbage-first heap   total 95232K, used 54581K [0x0000000080000000, 0x0000000100000000)
  region size 1024K, 3 young (3072K), 3 survivors (3072K)
 Metaspace       used 43445K, committed 44480K, reserved 1114112K
  class space    used 6015K, committed 6528K, reserved 1048576K
}
Event: 4.516 GC heap before
{Heap before GC invocations=10 (full 0):
 garbage-first heap   total 95232K, used 82229K [0x0000000080000000, 0x0000000100000000)
  region size 1024K, 30 young (30720K), 3 survivors (3072K)
 Metaspace       used 46856K, committed 48128K, reserved 1114112K
  class space    used 6624K, committed 7232K, reserved 1048576K
}
Event: 4.518 GC heap after
{Heap after GC invocations=11 (full 0):
 garbage-first heap   total 95232K, used 56159K [0x0000000080000000, 0x0000000100000000)
  region size 1024K, 2 young (2048K), 2 survivors (2048K)
 Metaspace       used 46856K, committed 48128K, reserved 1114112K
  class space    used 6624K, committed 7232K, reserved 1048576K
}
Event: 4.897 GC heap before
{Heap before GC invocations=12 (full 0):
 garbage-first heap   total 96256K, used 82783K [0x0000000080000000, 0x0000000100000000)
  region size 1024K, 29 young (29696K), 2 survivors (2048K)
 Metaspace       used 51345K, committed 52800K, reserved 1114112K
  class space    used 7159K, committed 7872K, reserved 1048576K
}
Event: 4.899 GC heap after
{Heap after GC invocations=13 (full 0):
 garbage-first heap   total 96256K, used 58940K [0x0000000080000000, 0x0000000100000000)
  region size 1024K, 4 young (4096K), 4 survivors (4096K)
 Metaspace       used 51345K, committed 52800K, reserved 1114112K
  class space    used 7159K, committed 7872K, reserved 1048576K
}
Event: 5.236 GC heap before
{Heap before GC invocations=13 (full 0):
 garbage-first heap   total 96256K, used 85564K [0x0000000080000000, 0x0000000100000000)
  region size 1024K, 30 young (30720K), 4 survivors (4096K)
 Metaspace       used 54750K, committed 56320K, reserved 1114112K
  class space    used 7702K, committed 8448K, reserved 1048576K
}
Event: 5.240 GC heap after
{Heap after GC invocations=14 (full 0):
 garbage-first heap   total 96256K, used 61086K [0x0000000080000000, 0x0000000100000000)
  region size 1024K, 3 young (3072K), 3 survivors (3072K)
 Metaspace       used 54750K, committed 56320K, reserved 1114112K
  class space    used 7702K, committed 8448K, reserved 1048576K
}
Event: 5.573 GC heap before
{Heap before GC invocations=14 (full 0):
 garbage-first heap   total 96256K, used 84638K [0x0000000080000000, 0x0000000100000000)
  region size 1024K, 27 young (27648K), 3 survivors (3072K)
 Metaspace       used 57217K, committed 58816K, reserved 1114112K
  class space    used 8138K, committed 8896K, reserved 1048576K
}
Event: 5.575 GC heap after
{Heap after GC invocations=15 (full 0):
 garbage-first heap   total 96256K, used 62340K [0x0000000080000000, 0x0000000100000000)
  region size 1024K, 4 young (4096K), 4 survivors (4096K)
 Metaspace       used 57217K, committed 58816K, reserved 1114112K
  class space    used 8138K, committed 8896K, reserved 1048576K
}
Event: 5.900 GC heap before
{Heap before GC invocations=16 (full 0):
 garbage-first heap   total 109568K, used 87940K [0x0000000080000000, 0x0000000100000000)
  region size 1024K, 28 young (28672K), 4 survivors (4096K)
 Metaspace       used 58028K, committed 59712K, reserved 1114112K
  class space    used 8233K, committed 9024K, reserved 1048576K
}
Event: 5.903 GC heap after
{Heap after GC invocations=17 (full 0):
 garbage-first heap   total 147456K, used 67451K [0x0000000080000000, 0x0000000100000000)
  region size 1024K, 4 young (4096K), 4 survivors (4096K)
 Metaspace       used 58028K, committed 59712K, reserved 1114112K
  class space    used 8233K, committed 9024K, reserved 1048576K
}
Event: 6.569 GC heap before
{Heap before GC invocations=17 (full 0):
 garbage-first heap   total 147456K, used 122747K [0x0000000080000000, 0x0000000100000000)
  region size 1024K, 59 young (60416K), 4 survivors (4096K)
 Metaspace       used 65154K, committed 66880K, reserved 1114112K
  class space    used 9211K, committed 10048K, reserved 1048576K
}
Event: 6.572 GC heap after
{Heap after GC invocations=18 (full 0):
 garbage-first heap   total 147456K, used 71548K [0x0000000080000000, 0x0000000100000000)
  region size 1024K, 8 young (8192K), 8 survivors (8192K)
 Metaspace       used 65154K, committed 66880K, reserved 1114112K
  class space    used 9211K, committed 10048K, reserved 1048576K
}
Event: 7.674 GC heap before
{Heap before GC invocations=18 (full 0):
 garbage-first heap   total 147456K, used 126844K [0x0000000080000000, 0x0000000100000000)
  region size 1024K, 62 young (63488K), 8 survivors (8192K)
 Metaspace       used 74092K, committed 75904K, reserved 1114112K
  class space    used 10484K, committed 11392K, reserved 1048576K
}
Event: 7.679 GC heap after
{Heap after GC invocations=19 (full 0):
 garbage-first heap   total 147456K, used 74410K [0x0000000080000000, 0x0000000100000000)
  region size 1024K, 7 young (7168K), 7 survivors (7168K)
 Metaspace       used 74092K, committed 75904K, reserved 1114112K
  class space    used 10484K, committed 11392K, reserved 1048576K
}
Event: 8.808 GC heap before
{Heap before GC invocations=20 (full 0):
 garbage-first heap   total 147456K, used 129706K [0x0000000080000000, 0x0000000100000000)
  region size 1024K, 61 young (62464K), 7 survivors (7168K)
 Metaspace       used 79799K, committed 81664K, reserved 1179648K
  class space    used 11373K, committed 12288K, reserved 1048576K
}
Event: 8.816 GC heap after
{Heap after GC invocations=21 (full 0):
 garbage-first heap   total 147456K, used 78038K [0x0000000080000000, 0x0000000100000000)
  region size 1024K, 7 young (7168K), 7 survivors (7168K)
 Metaspace       used 79799K, committed 81664K, reserved 1179648K
  class space    used 11373K, committed 12288K, reserved 1048576K
}
Event: 9.584 GC heap before
{Heap before GC invocations=21 (full 0):
 garbage-first heap   total 147456K, used 130262K [0x0000000080000000, 0x0000000100000000)
  region size 1024K, 59 young (60416K), 7 survivors (7168K)
 Metaspace       used 80567K, committed 82496K, reserved 1179648K
  class space    used 11415K, committed 12352K, reserved 1048576K
}
Event: 9.589 GC heap after
{Heap after GC invocations=22 (full 0):
 garbage-first heap   total 147456K, used 80970K [0x0000000080000000, 0x0000000100000000)
  region size 1024K, 7 young (7168K), 7 survivors (7168K)
 Metaspace       used 80567K, committed 82496K, reserved 1179648K
  class space    used 11415K, committed 12352K, reserved 1048576K
}

Dll operation events (3 events):
Event: 0.033 Loaded shared library C:\Program Files\Android\Android Studio\jbr\bin\java.dll
Event: 0.040 Loaded shared library C:\Program Files\Android\Android Studio\jbr\bin\zip.dll
Event: 0.576 Loaded shared library C:\Program Files\Android\Android Studio\jbr\bin\verify.dll

Deoptimization events (20 events):
Event: 9.635 Thread 0x000002334518f000 Uncommon trap: reason=class_check action=maybe_recompile pc=0x000002332f279918 method=java.util.concurrent.ConcurrentHashMap.get(Ljava/lang/Object;)Ljava/lang/Object; @ 93 c2
Event: 9.635 Thread 0x000002334447a300 Uncommon trap: reason=class_check action=maybe_recompile pc=0x000002332f279918 method=java.util.concurrent.ConcurrentHashMap.get(Ljava/lang/Object;)Ljava/lang/Object; @ 93 c2
Event: 9.635 Thread 0x000002334518f000 DEOPT PACKING pc=0x000002332f279918 sp=0x000000f89ccfddc0
Event: 9.635 Thread 0x000002334447a300 DEOPT PACKING pc=0x000002332f279918 sp=0x000000f89c2fde20
Event: 9.635 Thread 0x000002334518f000 DEOPT UNPACKING pc=0x000002332e9d43a2 sp=0x000000f89ccfdd28 mode 2
Event: 9.635 Thread 0x000002334447a300 DEOPT UNPACKING pc=0x000002332e9d43a2 sp=0x000000f89c2fdd88 mode 2
Event: 9.635 Thread 0x000002334518f000 Uncommon trap: trap_request=0xffffff45 fr.pc=0x000002332f24f828 relative=0x0000000000000da8
Event: 9.635 Thread 0x000002334518f000 Uncommon trap: reason=unstable_if action=reinterpret pc=0x000002332f24f828 method=java.util.concurrent.ConcurrentHashMap.computeIfAbsent(Ljava/lang/Object;Ljava/util/function/Function;)Ljava/lang/Object; @ 199 c2
Event: 9.635 Thread 0x000002334518f000 DEOPT PACKING pc=0x000002332f24f828 sp=0x000000f89ccfde40
Event: 9.635 Thread 0x000002334518f000 DEOPT UNPACKING pc=0x000002332e9d43a2 sp=0x000000f89ccfddc0 mode 2
Event: 9.635 Thread 0x000002334518e970 Uncommon trap: trap_request=0xffffffde fr.pc=0x000002332f279918 relative=0x00000000000002d8
Event: 9.635 Thread 0x000002334518e970 Uncommon trap: reason=class_check action=maybe_recompile pc=0x000002332f279918 method=java.util.concurrent.ConcurrentHashMap.get(Ljava/lang/Object;)Ljava/lang/Object; @ 93 c2
Event: 9.635 Thread 0x000002334518e970 DEOPT PACKING pc=0x000002332f279918 sp=0x000000f89cafd810
Event: 9.635 Thread 0x000002334518e970 DEOPT UNPACKING pc=0x000002332e9d43a2 sp=0x000000f89cafd778 mode 2
Event: 9.635 Thread 0x000002334518f690 Uncommon trap: trap_request=0xffffffde fr.pc=0x000002332f279918 relative=0x00000000000002d8
Event: 9.635 Thread 0x000002334518f690 Uncommon trap: reason=class_check action=maybe_recompile pc=0x000002332f279918 method=java.util.concurrent.ConcurrentHashMap.get(Ljava/lang/Object;)Ljava/lang/Object; @ 93 c2
Event: 9.635 Thread 0x000002334518f690 DEOPT PACKING pc=0x000002332f279918 sp=0x000000f89cbfdc50
Event: 9.635 Thread 0x000002334518f690 DEOPT UNPACKING pc=0x000002332e9d43a2 sp=0x000000f89cbfdbb8 mode 2
Event: 9.637 Thread 0x000002334518e2e0 DEOPT PACKING pc=0x0000023327ea04c2 sp=0x000000f89c7fd910
Event: 9.637 Thread 0x000002334518e2e0 DEOPT UNPACKING pc=0x000002332e9d4b42 sp=0x000000f89c7fce20 mode 0

Classes loaded (20 events):
Event: 8.557 Loading class sun/security/rsa/RSAPrivateCrtKeyImpl
Event: 8.557 Loading class java/security/interfaces/RSAPrivateCrtKey
Event: 8.558 Loading class java/security/interfaces/RSAPrivateCrtKey done
Event: 8.558 Loading class sun/security/rsa/RSAPrivateCrtKeyImpl done
Event: 8.558 Loading class sun/security/rsa/RSACore
Event: 8.558 Loading class sun/security/rsa/RSACore done
Event: 8.558 Loading class sun/security/rsa/RSAPadding
Event: 8.558 Loading class sun/security/rsa/RSAPadding done
Event: 8.569 Loading class sun/security/ssl/CertificateVerify$T13CertificateVerifyMessage
Event: 8.569 Loading class sun/security/ssl/CertificateVerify$T13CertificateVerifyMessage done
Event: 8.571 Loading class sun/security/ssl/SSLBasicKeyDerivation
Event: 8.571 Loading class sun/security/ssl/SSLBasicKeyDerivation done
Event: 8.571 Loading class sun/security/ssl/SSLBasicKeyDerivation$SecretSizeSpec
Event: 8.571 Loading class sun/security/ssl/SSLBasicKeyDerivation$SecretSizeSpec done
Event: 8.675 Loading class sun/security/ssl/PostHandshakeContext
Event: 8.675 Loading class sun/security/ssl/PostHandshakeContext done
Event: 8.675 Loading class sun/security/ssl/NewSessionTicket$T13NewSessionTicketMessage
Event: 8.675 Loading class sun/security/ssl/NewSessionTicket$T13NewSessionTicketMessage done
Event: 9.167 Loading class java/util/LinkedList$LLSpliterator
Event: 9.167 Loading class java/util/LinkedList$LLSpliterator done

Classes unloaded (0 events):
No events

Classes redefined (0 events):
No events

Internal exceptions (20 events):
Event: 9.714 Thread 0x000002334518f000 Exception <a 'sun/nio/fs/WindowsException'{0x00000000866093f0}> (0x00000000866093f0) 
thrown [s\src\hotspot\share\prims\jni.cpp, line 537]
Event: 9.715 Thread 0x000002334518e2e0 Exception <a 'sun/nio/fs/WindowsException'{0x0000000086747ad0}> (0x0000000086747ad0) 
thrown [s\src\hotspot\share\prims\jni.cpp, line 537]
Event: 9.715 Thread 0x000002334447a300 Exception <a 'sun/nio/fs/WindowsException'{0x00000000865ec610}> (0x00000000865ec610) 
thrown [s\src\hotspot\share\prims\jni.cpp, line 537]
Event: 9.716 Thread 0x000002334518f690 Exception <a 'sun/nio/fs/WindowsException'{0x000000008640f598}> (0x000000008640f598) 
thrown [s\src\hotspot\share\prims\jni.cpp, line 537]
Event: 9.716 Thread 0x000002334447b6b0 Exception <a 'sun/nio/fs/WindowsException'{0x0000000086527e08}> (0x0000000086527e08) 
thrown [s\src\hotspot\share\prims\jni.cpp, line 537]
Event: 9.717 Thread 0x0000023342e05e50 Exception <a 'sun/nio/fs/WindowsException'{0x00000000866976d8}> (0x00000000866976d8) 
thrown [s\src\hotspot\share\prims\jni.cpp, line 537]
Event: 9.718 Thread 0x000002334518f000 Exception <a 'sun/nio/fs/WindowsException'{0x000000008647f590}> (0x000000008647f590) 
thrown [s\src\hotspot\share\prims\jni.cpp, line 537]
Event: 9.718 Thread 0x000002334518e970 Exception <a 'sun/nio/fs/WindowsException'{0x00000000864211c0}> (0x00000000864211c0) 
thrown [s\src\hotspot\share\prims\jni.cpp, line 537]
Event: 9.718 Thread 0x000002334447c3d0 Exception <a 'sun/nio/fs/WindowsException'{0x00000000865e49c0}> (0x00000000865e49c0) 
thrown [s\src\hotspot\share\prims\jni.cpp, line 537]
Event: 9.718 Thread 0x000002334447a990 Exception <a 'sun/nio/fs/WindowsException'{0x00000000864cc4e0}> (0x00000000864cc4e0) 
thrown [s\src\hotspot\share\prims\jni.cpp, line 537]
Event: 9.719 Thread 0x000002334518e2e0 Exception <a 'sun/nio/fs/WindowsException'{0x0000000086459790}> (0x0000000086459790) 
thrown [s\src\hotspot\share\prims\jni.cpp, line 537]
Event: 9.719 Thread 0x000002334447a300 Exception <a 'sun/nio/fs/WindowsException'{0x0000000086472348}> (0x0000000086472348) 
thrown [s\src\hotspot\share\prims\jni.cpp, line 537]
Event: 9.719 Thread 0x000002334518f690 Exception <a 'sun/nio/fs/WindowsException'{0x00000000864adbf0}> (0x00000000864adbf0) 
thrown [s\src\hotspot\share\prims\jni.cpp, line 537]
Event: 9.719 Thread 0x000002334447b020 Exception <a 'sun/nio/fs/WindowsException'{0x0000000086559518}> (0x0000000086559518) 
thrown [s\src\hotspot\share\prims\jni.cpp, line 537]
Event: 9.719 Thread 0x000002334447b6b0 Exception <a 'sun/nio/fs/WindowsException'{0x00000000864c7348}> (0x00000000864c7348) 
thrown [s\src\hotspot\share\prims\jni.cpp, line 537]
Event: 9.721 Thread 0x0000023342e05e50 Exception <a 'sun/nio/fs/WindowsException'{0x00000000866ad870}> (0x00000000866ad870) 
thrown [s\src\hotspot\share\prims\jni.cpp, line 537]
Event: 9.721 Thread 0x000002334518e970 Exception <a 'sun/nio/fs/WindowsException'{0x00000000863db630}> (0x00000000863db630) 
thrown [s\src\hotspot\share\prims\jni.cpp, line 537]
Event: 9.721 Thread 0x000002334447c3d0 Exception <a 'sun/nio/fs/WindowsException'{0x0000000086356748}> (0x0000000086356748) 
thrown [s\src\hotspot\share\prims\jni.cpp, line 537]
Event: 9.724 Thread 0x000002334518e970 Exception <a 'sun/nio/fs/WindowsException'{0x0000000086208e90}> (0x0000000086208e90) 
thrown [s\src\hotspot\share\prims\jni.cpp, line 537]
Event: 9.727 Thread 0x000002334518e970 Exception <a 'sun/nio/fs/WindowsException'{0x000000008627d370}> (0x000000008627d370) 
thrown [s\src\hotspot\share\prims\jni.cpp, line 537]

ZGC Phase Switch (0 events):
No events

VM Operations (20 events):
Event: 7.703 Executing safepoint VM operation: G1PauseRemark done
Event: 7.710 Executing safepoint VM operation: G1PauseCleanup
Event: 7.710 Executing safepoint VM operation: G1PauseCleanup done
Event: 8.007 Executing non-safepoint VM operation: HandshakeAllThreads (Deoptimize)
Event: 8.007 Executing non-safepoint VM operation: HandshakeAllThreads (Deoptimize) done
Event: 8.172 Executing safepoint VM operation: ICBufferFull
Event: 8.172 Executing safepoint VM operation: ICBufferFull done
Event: 8.450 Executing non-safepoint VM operation: HandshakeAllThreads (Deoptimize)
Event: 8.450 Executing non-safepoint VM operation: HandshakeAllThreads (Deoptimize) done
Event: 8.573 Executing safepoint VM operation: ICBufferFull
Event: 8.574 Executing safepoint VM operation: ICBufferFull done
Event: 8.808 Executing safepoint VM operation: G1CollectForAllocation (G1 Evacuation Pause)
Event: 8.816 Executing safepoint VM operation: G1CollectForAllocation (G1 Evacuation Pause) done
Event: 9.023 Executing safepoint VM operation: ICBufferFull
Event: 9.023 Executing safepoint VM operation: ICBufferFull done
Event: 9.434 Executing safepoint VM operation: ICBufferFull
Event: 9.434 Executing safepoint VM operation: ICBufferFull done
Event: 9.584 Executing safepoint VM operation: G1CollectForAllocation (G1 Evacuation Pause)
Event: 9.589 Executing safepoint VM operation: G1CollectForAllocation (G1 Evacuation Pause) done
Event: 10.592 Executing safepoint VM operation: Cleanup

Memory protections (0 events):
No events

Nmethod flushes (20 events):
Event: 7.702 Thread 0x000002333bef6b70 flushing  nmethod 0x000002332794eb10
Event: 7.702 Thread 0x000002333bef6b70 flushing  nmethod 0x0000023327aad990
Event: 7.702 Thread 0x000002333bef6b70 flushing  nmethod 0x0000023327afbd10
Event: 7.702 Thread 0x000002333bef6b70 flushing  nmethod 0x000002332f08fd90
Event: 7.702 Thread 0x000002333bef6b70 flushing  nmethod 0x000002332f0c0b90
Event: 7.702 Thread 0x000002333bef6b70 flushing  nmethod 0x000002332f0c6d90
Event: 7.702 Thread 0x000002333bef6b70 flushing  nmethod 0x000002332f0c8f90
Event: 7.702 Thread 0x000002333bef6b70 flushing  nmethod 0x000002332f0d7310
Event: 7.702 Thread 0x000002333bef6b70 flushing  nmethod 0x000002332f1aa810
Event: 7.702 Thread 0x000002333bef6b70 flushing  nmethod 0x000002332f1eb810
Event: 7.702 Thread 0x000002333bef6b70 flushing  nmethod 0x0000023327455410
Event: 7.702 Thread 0x000002333bef6b70 flushing  nmethod 0x00000233274d1f90
Event: 7.702 Thread 0x000002333bef6b70 flushing  nmethod 0x00000233274e9390
Event: 7.702 Thread 0x000002333bef6b70 flushing  nmethod 0x0000023327571510
Event: 7.702 Thread 0x000002333bef6b70 flushing  nmethod 0x00000233275c7210
Event: 7.702 Thread 0x000002333bef6b70 flushing  nmethod 0x00000233275cb290
Event: 7.702 Thread 0x000002333bef6b70 flushing  nmethod 0x0000023327677f10
Event: 7.702 Thread 0x000002333bef6b70 flushing  nmethod 0x000002332767ad90
Event: 7.702 Thread 0x000002333bef6b70 flushing  nmethod 0x000002332767eb10
Event: 7.702 Thread 0x000002333bef6b70 flushing  nmethod 0x000002332775d010

Events (20 events):
Event: 5.438 Thread 0x0000023342e05e50 Thread added: 0x000002334447a300
Event: 5.439 Thread 0x0000023342e05e50 Thread added: 0x000002334447a990
Event: 5.475 Thread 0x0000023342e05e50 Thread added: 0x000002334447b020
Event: 5.475 Thread 0x0000023342e05e50 Thread added: 0x000002334447b6b0
Event: 5.660 Thread 0x0000023342e05e50 Thread added: 0x000002334447c3d0
Event: 5.660 Thread 0x0000023342e05e50 Thread added: 0x000002334518e2e0
Event: 5.661 Thread 0x0000023342e05e50 Thread added: 0x000002334518dc50
Event: 5.661 Thread 0x0000023342e05e50 Thread added: 0x000002334518d5c0
Event: 5.664 Thread 0x0000023342e05e50 Thread added: 0x000002334518e970
Event: 5.665 Thread 0x0000023342e05e50 Thread added: 0x000002334518f690
Event: 5.665 Thread 0x0000023342e05e50 Thread added: 0x000002334518f000
Event: 5.666 Thread 0x0000023342e05e50 Thread added: 0x000002334518fd20
Event: 6.395 Thread 0x0000023345339500 Thread exited: 0x0000023345339500
Event: 6.454 Thread 0x000002333bf96750 Thread added: 0x0000023344bb23e0
Event: 7.028 Thread 0x0000023343e890a0 Thread exited: 0x0000023343e890a0
Event: 7.029 Thread 0x0000023344bb23e0 Thread exited: 0x0000023344bb23e0
Event: 8.144 Thread 0x000002333bf96750 Thread added: 0x0000023343d2b6f0
Event: 8.678 Thread 0x0000023343d2b6f0 Thread exited: 0x0000023343d2b6f0
Event: 9.453 Thread 0x000002333bfb9410 Thread added: 0x000002333c594830
Event: 9.523 Thread 0x000002333bf96750 Thread added: 0x000002333c594f00


Dynamic libraries:
0x00007ff7f7980000 - 0x00007ff7f798a000 	C:\Program Files\Android\Android Studio\jbr\bin\java.exe
0x00007ffe1b300000 - 0x00007ffe1b567000 	C:\WINDOWS\SYSTEM32\ntdll.dll
0x00007ffe1a1e0000 - 0x00007ffe1a2a9000 	C:\WINDOWS\System32\KERNEL32.DLL
0x00007ffe189c0000 - 0x00007ffe18db7000 	C:\WINDOWS\System32\KERNELBASE.dll
0x00007ffe18f30000 - 0x00007ffe1907b000 	C:\WINDOWS\System32\ucrtbase.dll
0x00007ffde32e0000 - 0x00007ffde32fb000 	C:\Program Files\Android\Android Studio\jbr\bin\VCRUNTIME140.dll
0x00007ffdd43b0000 - 0x00007ffdd43c8000 	C:\Program Files\Android\Android Studio\jbr\bin\jli.dll
0x00007ffe1a980000 - 0x00007ffe1ab46000 	C:\WINDOWS\System32\USER32.dll
0x00007ffe18e50000 - 0x00007ffe18e77000 	C:\WINDOWS\System32\win32u.dll
0x00007ffe02e60000 - 0x00007ffe030f2000 	C:\WINDOWS\WinSxS\amd64_microsoft.windows.common-controls_6595b64144ccf1df_6.0.26100.8457_none_3e0b2faee331e92d\COMCTL32.dll
0x00007ffe1a8f0000 - 0x00007ffe1a91b000 	C:\WINDOWS\System32\GDI32.dll
0x00007ffe1ad60000 - 0x00007ffe1ae09000 	C:\WINDOWS\System32\msvcrt.dll
0x00007ffe18890000 - 0x00007ffe189bc000 	C:\WINDOWS\System32\gdi32full.dll
0x00007ffe18720000 - 0x00007ffe187c3000 	C:\WINDOWS\System32\msvcp_win.dll
0x00007ffe1b0b0000 - 0x00007ffe1b0e2000 	C:\WINDOWS\System32\IMM32.DLL
0x00007ffe05d60000 - 0x00007ffe05d6c000 	C:\Program Files\Android\Android Studio\jbr\bin\vcruntime140_1.dll
0x00007ffd60910000 - 0x00007ffd6099d000 	C:\Program Files\Android\Android Studio\jbr\bin\msvcp140.dll
0x00007ffd3fbc0000 - 0x00007ffd40856000 	C:\Program Files\Android\Android Studio\jbr\bin\server\jvm.dll
0x00007ffe1b200000 - 0x00007ffe1b2b6000 	C:\WINDOWS\System32\ADVAPI32.dll
0x00007ffe1a840000 - 0x00007ffe1a8e7000 	C:\WINDOWS\System32\sechost.dll
0x00007ffe1a2b0000 - 0x00007ffe1a3c8000 	C:\WINDOWS\System32\RPCRT4.dll
0x00007ffe19be0000 - 0x00007ffe19c60000 	C:\WINDOWS\System32\WS2_32.dll
0x00007ffe17bb0000 - 0x00007ffe17c0e000 	C:\WINDOWS\SYSTEM32\POWRPROF.dll
0x00007ffe0f900000 - 0x00007ffe0f936000 	C:\WINDOWS\SYSTEM32\WINMM.dll
0x00007ffe0f940000 - 0x00007ffe0f94b000 	C:\WINDOWS\SYSTEM32\VERSION.dll
0x00007ffe17b90000 - 0x00007ffe17ba4000 	C:\WINDOWS\SYSTEM32\UMPDC.dll
0x00007ffe16a30000 - 0x00007ffe16a4b000 	C:\WINDOWS\SYSTEM32\kernel.appcore.dll
0x00007ffe05be0000 - 0x00007ffe05bea000 	C:\Program Files\Android\Android Studio\jbr\bin\jimage.dll
0x00007ffe15ee0000 - 0x00007ffe16122000 	C:\WINDOWS\SYSTEM32\DBGHELP.DLL
0x00007ffe1a3d0000 - 0x00007ffe1a753000 	C:\WINDOWS\System32\combase.dll
0x00007ffe1a760000 - 0x00007ffe1a839000 	C:\WINDOWS\System32\OLEAUT32.dll
0x00007ffdeffa0000 - 0x00007ffdeffdb000 	C:\WINDOWS\SYSTEM32\dbgcore.DLL
0x00007ffe18e80000 - 0x00007ffe18f28000 	C:\WINDOWS\System32\bcryptPrimitives.dll
0x00007ffde8ba0000 - 0x00007ffde8bae000 	C:\Program Files\Android\Android Studio\jbr\bin\instrument.dll
0x00007ffddb430000 - 0x00007ffddb450000 	C:\Program Files\Android\Android Studio\jbr\bin\java.dll
0x00007ffdd7ca0000 - 0x00007ffdd7cb8000 	C:\Program Files\Android\Android Studio\jbr\bin\zip.dll
0x00007ffe19230000 - 0x00007ffe1999e000 	C:\WINDOWS\System32\SHELL32.dll
0x00007ffe17d30000 - 0x00007ffe1859c000 	C:\WINDOWS\System32\windows.storage.dll
0x00007ffe1b0f0000 - 0x00007ffe1b1e6000 	C:\WINDOWS\System32\SHCORE.dll
0x00007ffe19b20000 - 0x00007ffe19b86000 	C:\WINDOWS\System32\shlwapi.dll
0x00007ffe17c50000 - 0x00007ffe17c79000 	C:\WINDOWS\SYSTEM32\profapi.dll
0x00007ffe05860000 - 0x00007ffe05870000 	C:\Program Files\Android\Android Studio\jbr\bin\net.dll
0x00007ffe11340000 - 0x00007ffe11469000 	C:\WINDOWS\SYSTEM32\WINHTTP.dll
0x00007ffe17010000 - 0x00007ffe1707c000 	C:\WINDOWS\system32\mswsock.dll
0x00007ffdd74b0000 - 0x00007ffdd74c6000 	C:\Program Files\Android\Android Studio\jbr\bin\nio.dll
0x00007ffde9fc0000 - 0x00007ffde9fd0000 	C:\Program Files\Android\Android Studio\jbr\bin\verify.dll
0x00007ffdd4470000 - 0x00007ffdd4497000 	C:\Users\Anselmus\.gradle\native\660c5614fbf4a5f2a75b1949f50a0caf5cd603558e7d8a26e50b933a0cfb79d1\windows-amd64\native-platform.dll
0x00007ffd658f0000 - 0x00007ffd65967000 	C:\Users\Anselmus\.gradle\native\0.2.8\x86_64-windows-gnu\gradle-fileevents.dll
0x00007ffe01260000 - 0x00007ffe01269000 	C:\Program Files\Android\Android Studio\jbr\bin\management.dll
0x00007ffe01060000 - 0x00007ffe0106b000 	C:\Program Files\Android\Android Studio\jbr\bin\management_ext.dll
0x00007ffe19080000 - 0x00007ffe19088000 	C:\WINDOWS\System32\PSAPI.DLL
0x00007ffe16470000 - 0x00007ffe164a2000 	C:\WINDOWS\SYSTEM32\IPHLPAPI.DLL
0x00007ffe19220000 - 0x00007ffe1922a000 	C:\WINDOWS\System32\NSI.dll
0x00007ffe033d0000 - 0x00007ffe033d9000 	C:\Program Files\Android\Android Studio\jbr\bin\extnet.dll
0x00007ffe17310000 - 0x00007ffe1732b000 	C:\WINDOWS\SYSTEM32\CRYPTSP.dll
0x00007ffe169f0000 - 0x00007ffe16a29000 	C:\WINDOWS\system32\rsaenh.dll
0x00007ffe170e0000 - 0x00007ffe17113000 	C:\WINDOWS\SYSTEM32\USERENV.dll
0x00007ffe17c20000 - 0x00007ffe17c4a000 	C:\WINDOWS\SYSTEM32\bcrypt.dll
0x00007ffe17330000 - 0x00007ffe1733c000 	C:\WINDOWS\SYSTEM32\CRYPTBASE.dll
0x00007ffdd4ac0000 - 0x00007ffdd4ac8000 	C:\WINDOWS\system32\wshunix.dll
0x00007ffe16560000 - 0x00007ffe16692000 	C:\WINDOWS\SYSTEM32\DNSAPI.dll
0x00007ffe0d740000 - 0x00007ffe0d74b000 	C:\Windows\System32\rasadhlp.dll
0x00007ffe0f870000 - 0x00007ffe0f8f6000 	C:\WINDOWS\System32\fwpuclnt.dll

JVMTI agents:
C:\Users\Anselmus\.gradle\wrapper\dists\gradle-9.4.1-bin\arn2x92ynaizyzdaamcbpbhtj\gradle-9.4.1\lib\agents\gradle-instrumentation-agent-9.4.1.jar path:C:\Program Files\Android\Android Studio\jbr\bin\instrument.dll, loaded, initialized, instrumentlib options:none

dbghelp: loaded successfully - version: 4.0.5 - missing functions: none
symbol engine: initialized successfully - sym options: 0x614 - pdb path: .;C:\Program Files\Android\Android Studio\jbr\bin;C:\WINDOWS\SYSTEM32;C:\WINDOWS\WinSxS\amd64_microsoft.windows.common-controls_6595b64144ccf1df_6.0.26100.8457_none_3e0b2faee331e92d;C:\Program Files\Android\Android Studio\jbr\bin\server;C:\Users\Anselmus\.gradle\native\660c5614fbf4a5f2a75b1949f50a0caf5cd603558e7d8a26e50b933a0cfb79d1\windows-amd64;C:\Users\Anselmus\.gradle\native\0.2.8\x86_64-windows-gnu

VM Arguments:
jvm_args: --add-opens=java.base/java.lang=ALL-UNNAMED --add-opens=java.base/java.lang.invoke=ALL-UNNAMED --add-opens=java.base/java.util=ALL-UNNAMED --add-opens=java.prefs/java.util.prefs=ALL-UNNAMED --add-exports=jdk.compiler/com.sun.tools.javac.api=ALL-UNNAMED --add-exports=jdk.compiler/com.sun.tools.javac.util=ALL-UNNAMED --add-opens=java.base/java.util=ALL-UNNAMED --add-opens=java.prefs/java.util.prefs=ALL-UNNAMED --add-opens=java.base/java.nio.charset=ALL-UNNAMED --add-opens=java.base/java.net=ALL-UNNAMED --add-opens=java.base/java.util.concurrent=ALL-UNNAMED --add-opens=java.base/java.util.concurrent.atomic=ALL-UNNAMED --add-opens=java.xml/javax.xml.namespace=ALL-UNNAMED --add-opens=java.base/java.time=ALL-UNNAMED -Xmx2048m -Dfile.encoding=UTF-8 -Duser.country=ID -Duser.language=en -Duser.variant -javaagent:C:\Users\Anselmus\.gradle\wrapper\dists\gradle-9.4.1-bin\arn2x92ynaizyzdaamcbpbhtj\gradle-9.4.1\lib\agents\gradle-instrumentation-agent-9.4.1.jar 
java_command: org.gradle.launcher.daemon.bootstrap.GradleDaemon 9.4.1
java_class_path (initial): C:\Users\Anselmus\.gradle\wrapper\dists\gradle-9.4.1-bin\arn2x92ynaizyzdaamcbpbhtj\gradle-9.4.1\lib\gradle-daemon-main-9.4.1.jar
Launcher Type: SUN_STANDARD

[Global flags]
     intx CICompilerCount                          = 4                                         {product} {ergonomic}
     uint ConcGCThreads                            = 3                                         {product} {ergonomic}
     uint G1ConcRefinementThreads                  = 10                                        {product} {ergonomic}
   size_t G1HeapRegionSize                         = 1048576                                   {product} {ergonomic}
    uintx GCDrainStackTargetSize                   = 64                                        {product} {ergonomic}
   size_t InitialHeapSize                          = 333447168                                 {product} {ergonomic}
   size_t MarkStackSize                            = 4194304                                   {product} {ergonomic}
   size_t MaxHeapSize                              = 2147483648                                {product} {command line}
   size_t MaxNewSize                               = 1287651328                                {product} {ergonomic}
   size_t MinHeapDeltaBytes                        = 1048576                                   {product} {ergonomic}
   size_t MinHeapSize                              = 8388608                                   {product} {ergonomic}
    uintx NonNMethodCodeHeapSize                   = 5839372                                {pd product} {ergonomic}
    uintx NonProfiledCodeHeapSize                  = 122909434                              {pd product} {ergonomic}
    uintx ProfiledCodeHeapSize                     = 122909434                              {pd product} {ergonomic}
    uintx ReservedCodeCacheSize                    = 251658240                              {pd product} {ergonomic}
     bool SegmentedCodeCache                       = true                                      {product} {ergonomic}
   size_t SoftMaxHeapSize                          = 2147483648                             {manageable} {ergonomic}
     bool UseCompressedOops                        = true                           {product lp64_product} {ergonomic}
     bool UseG1GC                                  = true                                      {product} {ergonomic}
     bool UseLargePagesIndividualAllocation        = false                                  {pd product} {ergonomic}

Logging:
Log output configuration:
 #0: stdout all=warning uptime,level,tags foldmultilines=false
 #1: stderr all=off uptime,level,tags foldmultilines=false

Release file:
JAVA_VERSION="21.0.10" 
MODULES="java.base java.compiler java.datatransfer java.xml java.prefs java.desktop java.instrument java.logging java.management java.security.sasl java.naming java.rmi java.management.rmi java.net.http java.scripting java.security.jgss java.transaction.xa java.sql java.sql.rowset java.xml.crypto java.se java.smartcardio jdk.accessibility jdk.internal.jvmstat jdk.attach jdk.charsets jdk.internal.opt jdk.zipfs jdk.compiler jdk.crypto.ec jdk.crypto.cryptoki jdk.dynalink jdk.hotspot.agent jdk.httpserver jdk.internal.ed jdk.internal.le jdk.internal.vm.ci jdk.jartool jdk.javadoc jdk.jcmd jdk.jdeps jdk.jdwp.agent jdk.jdi jdk.jfr jdk.jlink jdk.jsobject jdk.localedata jdk.management jdk.management.agent jdk.management.jfr jdk.naming.dns jdk.naming.rmi jdk.net jdk.sctp jdk.security.auth jdk.security.jgss jdk.unsupported jdk.unsupported.desktop jdk.xml.dom" 
IMPLEMENTOR="JetBrains s.r.o." 
JAVA_RUNTIME_VERSION="21.0.10+-14961533-b1163.108" 
LIBC="default" 
OS_ARCH="x86_64" 
OS_NAME="Windows" 
SOURCE=".:git:1351622c2ff2" 

Environment Variables:
PATH=C:\Program Files\NVIDIA GPU Computing Toolkit\CUDA\v13.2\bin\x64;C:\Program Files\NVIDIA GPU Computing Toolkit\CUDA\v13.2\bin;C:\Program Files (x86)\Common Files\Oracle\Java\java8path;C:\Program Files (x86)\Common Files\Oracle\Java\javapath;C:\Program Files\Eclipse Adoptium\jdk-25.0.2.10-hotspot\bin;C:\Windows\system32;C:\Windows;C:\Windows\System32\Wbem;C:\Windows\System32\WindowsPowerShell\v1.0\;C:\Windows\System32\OpenSSH\;C:\WINDOWS\system32;C:\WINDOWS;C:\WINDOWS\System32\Wbem;C:\WINDOWS\System32\WindowsPowerShell\v1.0\;C:\WINDOWS\System32\OpenSSH\;C:\ProgramData\chocolatey\bin;C:\Program Files (x86)\NVIDIA Corporation\PhysX\Common;C:\MinGW\bin;C:\Program Files\NVIDIA Corporation\NVIDIA App\NvDLISR;C:\Program Files\Git\cmd;C:\Program Files\Docker\Docker\resources\bin;C:\Program Files\nodejs\;C:\Users\Anselmus\AppData\Local\Android\Sdk\platform-tools;C:\Program Files\OpenSSL-Win64;C:\Program Files\CMake\bin;C:\Users\Anselmus\.unsloth\studio\bin;C:\Program Files\NVIDIA GPU Computing Toolkit\CUDA\v13.2\bin;C:\Users\Anselmus\AppData\Local\Programs\Python\Launcher\;C:\Users\Anselmus\AppData\Local\Microsoft\WindowsApps;C:\Users\Anselmus\AppData\Local\Programs\Microsoft VS Code\bin;C:\Users\Anselmus\AppData\Local\spicetify;C:\Program Files\JetBrains\CLion 2024.1.1\bin;C:\Users\Anselmus\Downloads\Programs\mingw-w64-v11.0.0\mingw-w64-v11.0.0\mingw64\bin;C:\Users\Anselmus\AppData\Local\Microsoft\WindowsApps;D:\Ansel\Kuliah\Binus\Semester 3\2. Code - Kuliah\OOP\flutter\bin;C:\1. CODING\Semester 4 - Code\DEX2JAR\dex-tools-2.1;C:\Users\Anselmus\AppData\Roaming\npm;C:\Users\Anselmus\AppData\Local\Packages\PythonSoftwareFoundation.Python.3.13_qbz5n2kfra8p0\LocalCache\local-packages\Python313\Scripts;C:\Users\Anselmus\AppData\Local\Microsoft\WinGet\Packages\astral-sh.uv_Microsoft.Winget.Source_8wekyb3d8bbwe;
USERNAME=Anselmus
OS=Windows_NT
PROCESSOR_IDENTIFIER=AMD64 Family 25 Model 80 Stepping 0, AuthenticAMD
TMP=C:\Users\Anselmus\AppData\Local\Temp
TEMP=C:\Users\Anselmus\AppData\Local\Temp




Periodic native trim disabled

JNI global refs:
JNI global refs: 31, weak refs: 10

JNI global refs memory usage: 835, weak refs: 833

Process memory usage:
Resident Set Size: 402732K (1% of 20820028K total physical memory with 6764820K free physical memory)

OOME stack traces (most recent first):
Classloader memory used:
Loader org.gradle.internal.classloader.VisitableURLClassLoader                         : 39051K
Loader bootstrap                                                                       : 27716K
Loader org.gradle.initialization.MixInLegacyTypesClassLoader                           : 11203K
Loader org.gradle.internal.classloader.VisitableURLClassLoader                         : 1039K
Loader org.gradle.internal.classloader.VisitableURLClassLoader$InstrumentingVisitableURLClassLoader: 738K
Loader jdk.internal.loader.ClassLoaders$PlatformClassLoader                            : 418K
Loader jdk.internal.reflect.DelegatingClassLoader                                      : 294K
Loader jdk.internal.loader.ClassLoaders$AppClassLoader                                 : 189K
Loader org.gradle.groovy.scripts.internal.DefaultScriptCompilationHandler$ScriptClassLoader: 91680B

Classes loaded by more than one classloader:
Class org.gradle.internal.IoActions                                                   : loaded 3 times (x 71B)
Class org.gradle.api.Action                                                           : loaded 3 times (x 70B)
Class org.gradle.internal.Cast                                                        : loaded 3 times (x 71B)
Class org.gradle.api.GradleException                                                  : loaded 3 times (x 82B)
Class Program                                                                         : loaded 3 times (x 72B)
Class org.gradle.internal.classloader.DefaultClassLoaderFactory                       : loaded 2 times (x 82B)
Class kotlin.collections.AbstractList$Companion                                       : loaded 2 times (x 71B)
Class org.gradle.tooling.internal.gradle.DefaultProjectIdentifier                     : loaded 2 times (x 86B)
Class sync_studio_tooling_a8fkc6johbvjmzsvo6ixzvxcu$_run_closure1                     : loaded 2 times (x 139B)
Class org.gradle.api.internal.DefaultClassPathProvider                                : loaded 2 times (x 76B)
Class [Lorg.gradle.api.internal.ClassPathProvider;                                    : loaded 2 times (x 69B)
Class org.gradle.api.internal.ClassPathProvider                                       : loaded 2 times (x 70B)
Class org.gradle.internal.service.UnknownServiceException                             : loaded 2 times (x 83B)
Class org.gradle.internal.classpath.TransformedClassPath                              : loaded 2 times (x 96B)
Class org.gradle.internal.classloader.InstrumentingClassLoader                        : loaded 2 times (x 70B)
Class com.google.common.collect.Iterators$ArrayItr                                    : loaded 2 times (x 97B)
Class kotlin.enums.EnumEntriesList                                                    : loaded 2 times (x 223B)
Class com.google.common.collect.UnmodifiableIterator                                  : loaded 2 times (x 80B)
Class org.gradle.internal.service.ServiceLocator                                      : loaded 2 times (x 70B)
Class com.intellij.gradle.toolingExtension.util.GradleVersionUtil                     : loaded 2 times (x 71B)
Class com.google.common.collect.Iterators$SingletonIterator                           : loaded 2 times (x 81B)
Class org.gradle.tooling.model.UnsupportedMethodException                             : loaded 2 times (x 82B)
Class ijInit1_8sczx7zrigy1iypfii1nnmsrg$_run_closure1                                 : loaded 2 times (x 140B)
Class com.google.common.collect.Iterators                                             : loaded 2 times (x 71B)
Class com.google.common.collect.Lists$StringAsImmutableList                           : loaded 2 times (x 207B)
Class org.gradle.internal.time.DefaultTimer                                           : loaded 2 times (x 80B)
Class org.gradle.api.internal.classpath.DefaultModuleRegistry$DefaultModule           : loaded 2 times (x 82B)
Class com.google.common.collect.AbstractIterator                                      : loaded 2 times (x 82B)
Class com.google.common.collect.AbstractIndexedListIterator                           : loaded 2 times (x 96B)
Class org.gradle.internal.time.DefaultCountdownTimer                                  : loaded 2 times (x 88B)
Class org.gradle.tooling.internal.gradle.DefaultBuildIdentifier                       : loaded 2 times (x 79B)
Class org.gradle.api.internal.classpath.Module                                        : loaded 2 times (x 70B)
Class org.gradle.api.internal.classpath.UnknownModuleException                        : loaded 2 times (x 82B)
Class org.gradle.tooling.internal.gradle.GradleProjectIdentity                        : loaded 2 times (x 70B)
Class org.gradle.api.internal.DefaultClassPathRegistry                                : loaded 2 times (x 76B)
Class org.gradle.internal.classpath.DefaultClassPath$ImmutableUniqueList              : loaded 2 times (x 199B)
Class org.gradle.api.internal.ClassPathRegistry                                       : loaded 2 times (x 70B)
Class org.gradle.internal.operations.MultipleBuildOperationFailures                   : loaded 2 times (x 95B)
Class Settings_gradle$1                                                               : loaded 2 times (x 74B)
Class org.gradle.internal.classpath.ClassPath                                         : loaded 2 times (x 70B)
Class org.gradle.api.internal.classpath.DefaultModuleRegistry$DefaultModuleAlias      : loaded 2 times (x 80B)
Class com.google.common.collect.UnmodifiableListIterator                              : loaded 2 times (x 95B)
Class org.gradle.tooling.model.Model                                                  : loaded 2 times (x 70B)
Class kotlin.UninitializedPropertyAccessException                                     : loaded 2 times (x 82B)
Class com.google.common.collect.Iterators$4                                           : loaded 2 times (x 82B)
Class org.gradle.api.internal.classpath.ModuleRegistry                                : loaded 2 times (x 70B)
Class org.gradle.internal.installation.GradleInstallation$1                           : loaded 2 times (x 75B)
Class com.google.common.collect.Iterators$5                                           : loaded 2 times (x 82B)
Class com.google.common.collect.ImmutableCollection                                   : loaded 2 times (x 125B)
Class org.gradle.api.internal.classpath.DefaultModuleRegistry                         : loaded 2 times (x 84B)
Class com.google.common.collect.Lists                                                 : loaded 2 times (x 71B)
Class com.google.common.collect.Iterators$9                                           : loaded 2 times (x 81B)
Class org.gradle.internal.time.MonotonicClock                                         : loaded 2 times (x 77B)
Class org.gradle.internal.service.ServiceLookupException                              : loaded 2 times (x 82B)
Class org.gradle.internal.classloader.ClassLoaderFactory                              : loaded 2 times (x 70B)
Class org.gradle.internal.service.CachingServiceLocator                               : loaded 2 times (x 82B)
Class org.gradle.internal.time.TimeSource                                             : loaded 2 times (x 70B)
Class org.gradle.tooling.internal.gradle.GradleBuildIdentity                          : loaded 2 times (x 70B)
Class kotlin.enums.EnumEntries                                                        : loaded 2 times (x 70B)
Class org.gradle.internal.exceptions.ResolutionProvider                               : loaded 2 times (x 70B)
Class org.gradle.tooling.model.ProjectIdentifier                                      : loaded 2 times (x 70B)
Class org.gradle.internal.classloader.ClasspathUtil                                   : loaded 2 times (x 71B)
Class org.gradle.internal.time.TimeSource$1                                           : loaded 2 times (x 77B)
Class kotlin.jvm.internal.DefaultConstructorMarker                                    : loaded 2 times (x 71B)
Class org.gradle.api.specs.Spec                                                       : loaded 2 times (x 70B)
Class com.intellij.gradle.toolingExtension.impl.model.utilDummyModel.DummyModel       : loaded 2 times (x 70B)
Class org.gradle.internal.time.Clock                                                  : loaded 2 times (x 70B)
Class kotlin.collections.AbstractList                                                 : loaded 2 times (x 197B)
Class kotlin.collections.AbstractCollection                                           : loaded 2 times (x 117B)
Class org.gradle.internal.classloader.VisitableURLClassLoader$InstrumentingVisitableURLClassLoader: loaded 2 times (x 123B)
Class org.gradle.internal.classloader.VisitableURLClassLoader$Spec                    : loaded 2 times (x 74B)
Class org.gradle.internal.classpath.DefaultClassPath                                  : loaded 2 times (x 90B)
Class org.gradle.util.internal.DefaultGradleVersion                                   : loaded 2 times (x 82B)
Class org.gradle.internal.classloader.ClassLoaderSpec                                 : loaded 2 times (x 71B)
Class Settings_gradle$1$1                                                             : loaded 2 times (x 74B)
Class org.gradle.api.internal.classpath.Module$ModuleAlias                            : loaded 2 times (x 70B)
Class org.gradle.internal.classloader.VisitableURLClassLoader                         : loaded 2 times (x 117B)
Class Settings_gradle                                                                 : loaded 2 times (x 124B)
Class org.gradle.internal.classloader.ClassLoaderHierarchy                            : loaded 2 times (x 70B)
Class org.gradle.internal.classloader.FilteringClassLoader                            : loaded 2 times (x 105B)
Class org.gradle.internal.classpath.DefaultClassPath$ImmutableUniqueList$Builder      : loaded 2 times (x 75B)
Class com.google.common.collect.Iterators$1                                           : loaded 2 times (x 81B)
Class org.gradle.internal.exceptions.NonGradleCauseExceptionsHolder                   : loaded 2 times (x 70B)
Class kotlin.NotImplementedError                                                      : loaded 2 times (x 82B)
Class kotlin.enums.EnumEntriesKt                                                      : loaded 2 times (x 71B)
Class org.gradle.internal.exceptions.MultiCauseException                              : loaded 2 times (x 70B)
Class org.gradle.internal.time.CountdownTimer                                         : loaded 2 times (x 70B)
Class kotlin.jvm.internal.Intrinsics                                                  : loaded 2 times (x 71B)
Class org.gradle.tooling.model.ProjectModel                                           : loaded 2 times (x 70B)
Class kotlin.KotlinNullPointerException                                               : loaded 2 times (x 83B)
Class org.gradle.internal.exceptions.DefaultMultiCauseException                       : loaded 2 times (x 95B)
Class com.google.common.base.Preconditions                                            : loaded 2 times (x 71B)
Class com.google.common.collect.PeekingIterator                                       : loaded 2 times (x 70B)
Class org.gradle.internal.time.Time                                                   : loaded 2 times (x 71B)
Class ijInit1_8sczx7zrigy1iypfii1nnmsrg                                               : loaded 2 times (x 171B)
Class sync_studio_tooling_a8fkc6johbvjmzsvo6ixzvxcu                                   : loaded 2 times (x 171B)
Class org.gradle.tooling.model.BuildIdentifier                                        : loaded 2 times (x 70B)
Class kotlin.NoWhenBranchMatchedException                                             : loaded 2 times (x 82B)
Class org.gradle.internal.time.Timer                                                  : loaded 2 times (x 70B)
Class kotlin.jvm.internal.markers.KMappedMarker                                       : loaded 2 times (x 70B)
Class org.gradle.internal.installation.CurrentGradleInstallationLocator               : loaded 2 times (x 71B)
Class com.google.common.collect.ImmutableList                                         : loaded 2 times (x 206B)
Class org.gradle.internal.service.DefaultServiceLocator                               : loaded 2 times (x 83B)
Class org.gradle.util.GradleVersion                                                   : loaded 2 times (x 81B)
Class org.gradle.internal.installation.CurrentGradleInstallation                      : loaded 2 times (x 73B)
Class org.gradle.util.internal.GUtil                                                  : loaded 2 times (x 71B)
Class com.google.common.collect.Iterators$MergingIterator                             : loaded 2 times (x 81B)
Class org.gradle.internal.installation.GradleInstallation                             : loaded 2 times (x 75B)

---------------  S Y S T E M  ---------------

OS:
 Windows 11 , 64 bit Build 26100 (10.0.26100.8328)
OS uptime: 1 days 1:05 hours
Hyper-V role detected

CPU: total 12 (initial active 12) (12 cores per cpu, 2 threads per core) family 25 model 80 stepping 0 microcode 0xa50000d, cx8, cmov, fxsr, ht, mmx, 3dnowpref, sse, sse2, sse3, ssse3, sse4a, sse4.1, sse4.2, popcnt, lzcnt, tsc, tscinvbit, avx, avx2, aes, erms, clmul, bmi1, bmi2, adx, sha, fma, vzeroupper, clflush, clflushopt, hv, rdtscp, rdpid, fsrm, f16c, cet_ss
Processor Information for the first 12 processors :
  Max Mhz: 3301, Current Mhz: 3301, Mhz Limit: 3301

Memory: 4k page, system-wide physical 20332M (6597M free)
TotalPageFile size 20332M (AvailPageFile size 20M)
current process WorkingSet (physical memory assigned to process): 402M, peak: 405M
current process commit charge ("private bytes"): 441M, peak: 469M

vm_info: OpenJDK 64-Bit Server VM (21.0.10+-14961533-b1163.108) for windows-amd64 JRE (21.0.10+-14961533-b1163.108), built on 2026-03-02T19:58:50Z by "builder" with MS VC++ 16.10 / 16.11 (VS2019)

END.
